2026-09-14T17:40:05.813-05:00  INFO 175476 --- [civix] [restartedMain] com.civix.CivixApplication               : Starting CivixApplication using Java 21.0.12.1 with PID 175476 (C:\Users\gmari\civix\civix\civix\target\classes started by gmari in C:\Users\gmari\civix\civix\civix)
2026-09-14T17:40:05.820-05:00 DEBUG 175476 --- [civix] [restartedMain] com.civix.CivixApplication               : Running with Spring Boot v4.1.1, Spring v7.0.9
2026-09-14T17:40:05.821-05:00  INFO 175476 --- [civix] [restartedMain] com.civix.CivixApplication               : No active profile set, falling back to 1 default profile: "default"
2026-09-14T17:40:05.880-05:00  INFO 175476 --- [civix] [restartedMain] .e.DevToolsPropertyDefaultsPostProcessor : Devtools property defaults active! Set 'spring.devtools.add-properties' to 'false' to disable
2026-09-14T17:40:05.881-05:00  INFO 175476 --- [civix] [restartedMain] .e.DevToolsPropertyDefaultsPostProcessor : For additional web related logging consider setting the 'logging.level.web' property to 'DEBUG'
2026-09-14T17:40:06.896-05:00  INFO 175476 --- [civix] [restartedMain] .s.d.r.c.RepositoryConfigurationDelegate : Bootstrapping Spring Data JPA repositories in DEFAULT mode.
2026-09-14T17:40:06.961-05:00  INFO 175476 --- [civix] [restartedMain] .s.d.r.c.RepositoryConfigurationDelegate : Finished Spring Data repository scanning in 55 ms. Found 7 JPA repository interfaces.
2026-09-14T17:40:07.491-05:00  INFO 175476 --- [civix] [restartedMain] o.s.boot.tomcat.TomcatWebServer          : Tomcat initialized with port 8080 (http)
2026-09-14T17:40:07.507-05:00  INFO 175476 --- [civix] [restartedMain] o.apache.catalina.core.StandardService   : Starting service [Tomcat]
2026-09-14T17:40:07.507-05:00  INFO 175476 --- [civix] [restartedMain] o.apache.catalina.core.StandardEngine    : Starting Servlet engine: [Apache Tomcat/11.0.24]
2026-09-14T17:40:07.567-05:00  INFO 175476 --- [civix] [restartedMain] b.w.c.s.WebApplicationContextInitializer : Root WebApplicationContext: initialization completed in 1686 ms
2026-09-14T17:40:07.785-05:00  INFO 175476 --- [civix] [restartedMain] org.hibernate.orm.jpa                    : HHH008540: Processing PersistenceUnitInfo [name: default]
2026-09-14T17:40:07.879-05:00  INFO 175476 --- [civix] [restartedMain] org.hibernate.orm.core                   : HHH000001: Hibernate ORM core version 7.4.5.Final
2026-09-14T17:40:08.419-05:00  INFO 175476 --- [civix] [restartedMain] o.s.o.j.p.SpringPersistenceUnitInfo      : No LoadTimeWeaver setup: ignoring JPA class transformer
2026-09-14T17:40:08.457-05:00  INFO 175476 --- [civix] [restartedMain] com.zaxxer.hikari.HikariDataSource       : HikariPool-1 - Starting...
2026-09-14T17:40:08.716-05:00  INFO 175476 --- [civix] [restartedMain] com.zaxxer.hikari.pool.HikariPool        : HikariPool-1 - Added connection org.postgresql.jdbc.PgConnection@70adc182
2026-09-14T17:40:08.718-05:00  INFO 175476 --- [civix] [restartedMain] com.zaxxer.hikari.HikariDataSource       : HikariPool-1 - Start completed.
2026-09-14T17:40:08.790-05:00  WARN 175476 --- [civix] [restartedMain] org.hibernate.orm.deprecation            : HHH90000025: PostgreSQLDialect does not need to be specified explicitly using 'hibernate.dialect' (remove the property setting and it will be selected by default)
2026-09-14T17:40:08.818-05:00  INFO 175476 --- [civix] [restartedMain] org.hibernate.orm.connections.pooling    : HHH10001005: Database info:
	Database JDBC URL [jdbc:postgresql://localhost:5432/db_civix]
	Database driver: PostgreSQL JDBC Driver
	Database dialect: PostgreSQLDialect
	Database version: 18.6
	Default catalog/schema: db_civix/public
	Autocommit mode: undefined/unknown
	Isolation level: READ_COMMITTED [default READ_COMMITTED]
	JDBC fetch size: none
	Pool: DataSourceConnectionProvider
	Minimum pool size: undefined/unknown
	Maximum pool size: undefined/unknown
2026-09-14T17:40:10.047-05:00  INFO 175476 --- [civix] [restartedMain] org.hibernate.orm.core                   : HHH000489: No JTA platform available (set 'hibernate.transaction.jta.platform' to enable JTA platform integration)
2026-09-14T17:40:10.236-05:00  INFO 175476 --- [civix] [restartedMain] j.LocalContainerEntityManagerFactoryBean : Initialized JPA EntityManagerFactory for persistence unit 'default'
2026-09-14T17:40:10.322-05:00  INFO 175476 --- [civix] [restartedMain] o.s.d.j.r.query.QueryEnhancerFactories   : Hibernate is in classpath; If applicable, HQL parser will be used.
2026-09-14T17:40:10.484-05:00  WARN 175476 --- [civix] [restartedMain] ConfigServletWebServerApplicationContext : Exception encountered during context initialization - cancelling refresh attempt: org.springframework.beans.factory.UnsatisfiedDependencyException: Error creating bean with name 'categoriaControlador': Unsatisfied dependency expressed through field 'categoriaControlador': Error creating bean with name 'categoriaControlador': Requested bean is currently in creation: Is there an unresolvable circular reference or an asynchronous initialization dependency?
2026-09-14T17:40:10.485-05:00  INFO 175476 --- [civix] [restartedMain] j.LocalContainerEntityManagerFactoryBean : Closing JPA EntityManagerFactory for persistence unit 'default'
2026-09-14T17:40:10.488-05:00  INFO 175476 --- [civix] [restartedMain] com.zaxxer.hikari.HikariDataSource       : HikariPool-1 - Shutdown initiated...
2026-09-14T17:40:10.491-05:00  INFO 175476 --- [civix] [restartedMain] com.zaxxer.hikari.HikariDataSource       : HikariPool-1 - Shutdown completed.
2026-09-14T17:40:10.494-05:00  INFO 175476 --- [civix] [restartedMain] o.apache.catalina.core.StandardService   : Stopping service [Tomcat]
2026-09-14T17:40:10.515-05:00  INFO 175476 --- [civix] [restartedMain] .s.b.a.l.ConditionEvaluationReportLogger : 

Error starting ApplicationContext. To display the condition evaluation report re-run your application with 'debug' enabled.
2026-09-14T17:40:10.541-05:00 ERROR 175476 --- [civix] [restartedMain] o.s.b.d.LoggingFailureAnalysisReporter   : 

***************************
APPLICATION FAILED TO START
***************************

Description:

The dependencies of some of the beans in the application context form a cycle:

┌──->──┐
|  categoriaControlador (field private com.civix.controladores.CategoriaControlador com.civix.controladores.CategoriaControlador.categoriaControlador)
└──<-──┘


Action:

Relying upon circular references is discouraged and they are prohibited by default. Update your application to remove the dependency cycle between beans. As a last resort, it may be possible to break the cycle automatically by setting spring.main.allow-circular-references to true.

2026-09-14T17:42:36.749-05:00  INFO 181032 --- [civix] [restartedMain] com.civix.CivixApplication               : Starting CivixApplication using Java 21.0.12.1 with PID 181032 (C:\Users\gmari\civix\civix\civix\target\classes started by gmari in C:\Users\gmari\civix\civix\civix)
2026-09-14T17:42:36.754-05:00 DEBUG 181032 --- [civix] [restartedMain] com.civix.CivixApplication               : Running with Spring Boot v4.1.1, Spring v7.0.9
2026-09-14T17:42:36.756-05:00  INFO 181032 --- [civix] [restartedMain] com.civix.CivixApplication               : No active profile set, falling back to 1 default profile: "default"
2026-09-14T17:42:36.850-05:00  INFO 181032 --- [civix] [restartedMain] .e.DevToolsPropertyDefaultsPostProcessor : Devtools property defaults active! Set 'spring.devtools.add-properties' to 'false' to disable
2026-09-14T17:42:36.850-05:00  INFO 181032 --- [civix] [restartedMain] .e.DevToolsPropertyDefaultsPostProcessor : For additional web related logging consider setting the 'logging.level.web' property to 'DEBUG'
2026-09-14T17:42:37.863-05:00  INFO 181032 --- [civix] [restartedMain] .s.d.r.c.RepositoryConfigurationDelegate : Bootstrapping Spring Data JPA repositories in DEFAULT mode.
2026-09-14T17:42:37.929-05:00  INFO 181032 --- [civix] [restartedMain] .s.d.r.c.RepositoryConfigurationDelegate : Finished Spring Data repository scanning in 55 ms. Found 7 JPA repository interfaces.
2026-09-14T17:42:38.424-05:00  INFO 181032 --- [civix] [restartedMain] o.s.boot.tomcat.TomcatWebServer          : Tomcat initialized with port 8080 (http)
2026-09-14T17:42:38.439-05:00  INFO 181032 --- [civix] [restartedMain] o.apache.catalina.core.StandardService   : Starting service [Tomcat]
2026-09-14T17:42:38.440-05:00  INFO 181032 --- [civix] [restartedMain] o.apache.catalina.core.StandardEngine    : Starting Servlet engine: [Apache Tomcat/11.0.24]
2026-09-14T17:42:38.492-05:00  INFO 181032 --- [civix] [restartedMain] b.w.c.s.WebApplicationContextInitializer : Root WebApplicationContext: initialization completed in 1641 ms
2026-09-14T17:42:38.687-05:00  INFO 181032 --- [civix] [restartedMain] org.hibernate.orm.jpa                    : HHH008540: Processing PersistenceUnitInfo [name: default]
2026-09-14T17:42:38.765-05:00  INFO 181032 --- [civix] [restartedMain] org.hibernate.orm.core                   : HHH000001: Hibernate ORM core version 7.4.5.Final
2026-09-14T17:42:39.288-05:00  INFO 181032 --- [civix] [restartedMain] o.s.o.j.p.SpringPersistenceUnitInfo      : No LoadTimeWeaver setup: ignoring JPA class transformer
2026-09-14T17:42:39.328-05:00  INFO 181032 --- [civix] [restartedMain] com.zaxxer.hikari.HikariDataSource       : HikariPool-1 - Starting...
2026-09-14T17:42:39.565-05:00  INFO 181032 --- [civix] [restartedMain] com.zaxxer.hikari.pool.HikariPool        : HikariPool-1 - Added connection org.postgresql.jdbc.PgConnection@47442bfe
2026-09-14T17:42:39.567-05:00  INFO 181032 --- [civix] [restartedMain] com.zaxxer.hikari.HikariDataSource       : HikariPool-1 - Start completed.
2026-09-14T17:42:39.618-05:00  WARN 181032 --- [civix] [restartedMain] org.hibernate.orm.deprecation            : HHH90000025: PostgreSQLDialect does not need to be specified explicitly using 'hibernate.dialect' (remove the property setting and it will be selected by default)
2026-09-14T17:42:39.647-05:00  INFO 181032 --- [civix] [restartedMain] org.hibernate.orm.connections.pooling    : HHH10001005: Database info:
	Database JDBC URL [jdbc:postgresql://localhost:5432/db_civix]
	Database driver: PostgreSQL JDBC Driver
	Database dialect: PostgreSQLDialect
	Database version: 18.6
	Default catalog/schema: db_civix/public
	Autocommit mode: undefined/unknown
	Isolation level: READ_COMMITTED [default READ_COMMITTED]
	JDBC fetch size: none
	Pool: DataSourceConnectionProvider
	Minimum pool size: undefined/unknown
	Maximum pool size: undefined/unknown
2026-09-14T17:42:40.789-05:00  INFO 181032 --- [civix] [restartedMain] org.hibernate.orm.core                   : HHH000489: No JTA platform available (set 'hibernate.transaction.jta.platform' to enable JTA platform integration)
2026-09-14T17:42:40.908-05:00  INFO 181032 --- [civix] [restartedMain] j.LocalContainerEntityManagerFactoryBean : Initialized JPA EntityManagerFactory for persistence unit 'default'
2026-09-14T17:42:40.989-05:00  INFO 181032 --- [civix] [restartedMain] o.s.d.j.r.query.QueryEnhancerFactories   : Hibernate is in classpath; If applicable, HQL parser will be used.
2026-09-14T17:42:41.453-05:00  WARN 181032 --- [civix] [restartedMain] JpaBaseConfiguration$JpaWebConfiguration : spring.jpa.open-in-view is enabled by default. Therefore, database queries may be performed during view rendering. Explicitly configure spring.jpa.open-in-view to disable this warning
2026-09-14T17:42:41.946-05:00  INFO 181032 --- [civix] [restartedMain] o.s.boot.tomcat.TomcatWebServer          : Tomcat started on port 8080 (http) with context path '/'
2026-09-14T17:42:41.953-05:00  INFO 181032 --- [civix] [restartedMain] com.civix.CivixApplication               : Started CivixApplication in 5.824 seconds (process running for 6.786)
2026-09-14T17:42:41.956-05:00  WARN 181032 --- [civix] [restartedMain] o.s.core.events.SpringDocAppInitializer  : SpringDoc /v3/api-docs endpoint is enabled by default. To disable it in production, set the property 'springdoc.api-docs.enabled=false'
2026-09-14T17:42:41.957-05:00  WARN 181032 --- [civix] [restartedMain] o.s.core.events.SpringDocAppInitializer  : SpringDoc /swagger-ui.html endpoint is enabled by default. To disable it in production, set the property 'springdoc.swagger-ui.enabled=false'
2026-09-14T17:42:50.317-05:00  INFO 181032 --- [civix] [http-nio-8080-exec-1] o.a.c.c.C.[Tomcat].[localhost].[/]       : Initializing Spring DispatcherServlet 'dispatcherServlet'
2026-09-14T17:42:50.318-05:00  INFO 181032 --- [civix] [http-nio-8080-exec-1] o.s.web.servlet.DispatcherServlet        : Initializing Servlet 'dispatcherServlet'
2026-09-14T17:42:50.321-05:00  INFO 181032 --- [civix] [http-nio-8080-exec-1] o.s.web.servlet.DispatcherServlet        : Completed initialization in 3 ms
2026-09-14T17:42:51.984-05:00  INFO 181032 --- [civix] [http-nio-8080-exec-6] o.springdoc.api.AbstractOpenApiResource  : Init duration for springdoc-openapi is: 678 ms
2026-09-14T17:42:52.537-05:00  INFO 181032 --- [civix] [File Watcher] rtingClassPathChangeChangedEventListener : Restarting due to 30 class path changes (0 additions, 29 deletions, 1 modification)
2026-09-14T17:42:52.544-05:00  INFO 181032 --- [civix] [Thread-1] o.s.boot.tomcat.GracefulShutdown         : Commencing graceful shutdown. Waiting for active requests to complete
2026-09-14T17:42:52.554-05:00  INFO 181032 --- [civix] [tomcat-shutdown] o.s.boot.tomcat.GracefulShutdown         : Graceful shutdown complete
2026-09-14T17:42:52.562-05:00  INFO 181032 --- [civix] [Thread-1] j.LocalContainerEntityManagerFactoryBean : Closing JPA EntityManagerFactory for persistence unit 'default'
2026-09-14T17:42:52.568-05:00  INFO 181032 --- [civix] [Thread-1] com.zaxxer.hikari.HikariDataSource       : HikariPool-1 - Shutdown initiated...
2026-09-14T17:42:52.572-05:00  INFO 181032 --- [civix] [Thread-1] com.zaxxer.hikari.HikariDataSource       : HikariPool-1 - Shutdown completed.
2026-09-14T17:42:52.746-05:00  INFO 181032 --- [civix] [restartedMain] com.civix.CivixApplication               : Starting CivixApplication using Java 21.0.12.1 with PID 181032 (C:\Users\gmari\civix\civix\civix\target\classes started by gmari in C:\Users\gmari\civix\civix\civix)
2026-09-14T17:42:52.747-05:00 DEBUG 181032 --- [civix] [restartedMain] com.civix.CivixApplication               : Running with Spring Boot v4.1.1, Spring v7.0.9
2026-09-14T17:42:52.747-05:00  INFO 181032 --- [civix] [restartedMain] com.civix.CivixApplication               : No active profile set, falling back to 1 default profile: "default"
2026-09-14T17:42:53.112-05:00  INFO 181032 --- [civix] [restartedMain] .s.d.r.c.RepositoryConfigurationDelegate : Bootstrapping Spring Data JPA repositories in DEFAULT mode.
2026-09-14T17:42:53.116-05:00  INFO 181032 --- [civix] [restartedMain] .s.d.r.c.RepositoryConfigurationDelegate : Finished Spring Data repository scanning in 1 ms. Found 0 JPA repository interfaces.
2026-09-14T17:42:53.250-05:00  INFO 181032 --- [civix] [restartedMain] o.s.boot.tomcat.TomcatWebServer          : Tomcat initialized with port 8080 (http)
2026-09-14T17:42:53.251-05:00  INFO 181032 --- [civix] [restartedMain] o.apache.catalina.core.StandardService   : Starting service [Tomcat]
2026-09-14T17:42:53.252-05:00  INFO 181032 --- [civix] [restartedMain] o.apache.catalina.core.StandardEngine    : Starting Servlet engine: [Apache Tomcat/11.0.24]
2026-09-14T17:42:53.303-05:00  INFO 181032 --- [civix] [restartedMain] b.w.c.s.WebApplicationContextInitializer : Root WebApplicationContext: initialization completed in 552 ms
2026-09-14T17:42:53.392-05:00  INFO 181032 --- [civix] [restartedMain] org.hibernate.orm.jpa                    : HHH008540: Processing PersistenceUnitInfo [name: default]
2026-09-14T17:42:53.462-05:00  INFO 181032 --- [civix] [restartedMain] o.s.o.j.p.SpringPersistenceUnitInfo      : No LoadTimeWeaver setup: ignoring JPA class transformer
2026-09-14T17:42:53.464-05:00  INFO 181032 --- [civix] [restartedMain] com.zaxxer.hikari.HikariDataSource       : HikariPool-2 - Starting...
2026-09-14T17:42:53.556-05:00  INFO 181032 --- [civix] [restartedMain] com.zaxxer.hikari.pool.HikariPool        : HikariPool-2 - Added connection org.postgresql.jdbc.PgConnection@404f2108
2026-09-14T17:42:53.557-05:00  INFO 181032 --- [civix] [restartedMain] com.zaxxer.hikari.HikariDataSource       : HikariPool-2 - Start completed.
2026-09-14T17:42:53.566-05:00  WARN 181032 --- [civix] [restartedMain] org.hibernate.orm.deprecation            : HHH90000025: PostgreSQLDialect does not need to be specified explicitly using 'hibernate.dialect' (remove the property setting and it will be selected by default)
2026-09-14T17:42:53.575-05:00  INFO 181032 --- [civix] [restartedMain] org.hibernate.orm.connections.pooling    : HHH10001005: Database info:
	Database JDBC URL [jdbc:postgresql://localhost:5432/db_civix]
	Database driver: PostgreSQL JDBC Driver
	Database dialect: PostgreSQLDialect
	Database version: 18.6
	Default catalog/schema: db_civix/public
	Autocommit mode: undefined/unknown
	Isolation level: READ_COMMITTED [default READ_COMMITTED]
	JDBC fetch size: none
	Pool: DataSourceConnectionProvider
	Minimum pool size: undefined/unknown
	Maximum pool size: undefined/unknown
2026-09-14T17:42:53.624-05:00  INFO 181032 --- [civix] [restartedMain] org.hibernate.orm.core                   : HHH000489: No JTA platform available (set 'hibernate.transaction.jta.platform' to enable JTA platform integration)
2026-09-14T17:42:53.677-05:00  INFO 181032 --- [civix] [restartedMain] j.LocalContainerEntityManagerFactoryBean : Initialized JPA EntityManagerFactory for persistence unit 'default'
2026-09-14T17:42:53.761-05:00  WARN 181032 --- [civix] [restartedMain] JpaBaseConfiguration$JpaWebConfiguration : spring.jpa.open-in-view is enabled by default. Therefore, database queries may be performed during view rendering. Explicitly configure spring.jpa.open-in-view to disable this warning
2026-09-14T17:42:54.015-05:00  INFO 181032 --- [civix] [restartedMain] o.s.boot.tomcat.TomcatWebServer          : Tomcat started on port 8080 (http) with context path '/'
2026-09-14T17:42:54.020-05:00  INFO 181032 --- [civix] [restartedMain] com.civix.CivixApplication               : Started CivixApplication in 1.321 seconds (process running for 18.854)
2026-09-14T17:42:54.022-05:00  WARN 181032 --- [civix] [restartedMain] o.s.core.events.SpringDocAppInitializer  : SpringDoc /v3/api-docs endpoint is enabled by default. To disable it in production, set the property 'springdoc.api-docs.enabled=false'
2026-09-14T17:42:54.022-05:00  WARN 181032 --- [civix] [restartedMain] o.s.core.events.SpringDocAppInitializer  : SpringDoc /swagger-ui.html endpoint is enabled by default. To disable it in production, set the property 'springdoc.swagger-ui.enabled=false'
2026-09-14T17:42:54.024-05:00  INFO 181032 --- [civix] [restartedMain] .ConditionEvaluationDeltaLoggingListener : Condition evaluation unchanged
2026-09-14T17:42:56.435-05:00  INFO 181032 --- [civix] [File Watcher] rtingClassPathChangeChangedEventListener : Restarting due to 29 class path changes (29 additions, 0 deletions, 0 modifications)
2026-09-14T17:42:56.437-05:00  INFO 181032 --- [civix] [Thread-5] o.s.boot.tomcat.GracefulShutdown         : Commencing graceful shutdown. Waiting for active requests to complete
2026-09-14T17:42:56.446-05:00  INFO 181032 --- [civix] [tomcat-shutdown] o.s.boot.tomcat.GracefulShutdown         : Graceful shutdown complete
2026-09-14T17:42:56.449-05:00  INFO 181032 --- [civix] [Thread-5] j.LocalContainerEntityManagerFactoryBean : Closing JPA EntityManagerFactory for persistence unit 'default'
2026-09-14T17:42:56.450-05:00  INFO 181032 --- [civix] [Thread-5] com.zaxxer.hikari.HikariDataSource       : HikariPool-2 - Shutdown initiated...
2026-09-14T17:42:56.452-05:00  INFO 181032 --- [civix] [Thread-5] com.zaxxer.hikari.HikariDataSource       : HikariPool-2 - Shutdown completed.
2026-09-14T17:42:56.619-05:00  INFO 181032 --- [civix] [restartedMain] com.civix.CivixApplication               : Starting CivixApplication using Java 21.0.12.1 with PID 181032 (C:\Users\gmari\civix\civix\civix\target\classes started by gmari in C:\Users\gmari\civix\civix\civix)
2026-09-14T17:42:56.619-05:00 DEBUG 181032 --- [civix] [restartedMain] com.civix.CivixApplication               : Running with Spring Boot v4.1.1, Spring v7.0.9
2026-09-14T17:42:56.619-05:00  INFO 181032 --- [civix] [restartedMain] com.civix.CivixApplication               : No active profile set, falling back to 1 default profile: "default"
2026-09-14T17:42:56.988-05:00  INFO 181032 --- [civix] [restartedMain] .s.d.r.c.RepositoryConfigurationDelegate : Bootstrapping Spring Data JPA repositories in DEFAULT mode.
2026-09-14T17:42:57.016-05:00  INFO 181032 --- [civix] [restartedMain] .s.d.r.c.RepositoryConfigurationDelegate : Finished Spring Data repository scanning in 26 ms. Found 7 JPA repository interfaces.
2026-09-14T17:42:57.128-05:00  INFO 181032 --- [civix] [restartedMain] o.s.boot.tomcat.TomcatWebServer          : Tomcat initialized with port 8080 (http)
2026-09-14T17:42:57.130-05:00  INFO 181032 --- [civix] [restartedMain] o.apache.catalina.core.StandardService   : Starting service [Tomcat]
2026-09-14T17:42:57.131-05:00  INFO 181032 --- [civix] [restartedMain] o.apache.catalina.core.StandardEngine    : Starting Servlet engine: [Apache Tomcat/11.0.24]
2026-09-14T17:42:57.180-05:00  INFO 181032 --- [civix] [restartedMain] b.w.c.s.WebApplicationContextInitializer : Root WebApplicationContext: initialization completed in 558 ms
2026-09-14T17:42:57.245-05:00  INFO 181032 --- [civix] [restartedMain] org.hibernate.orm.jpa                    : HHH008540: Processing PersistenceUnitInfo [name: default]
2026-09-14T17:42:57.288-05:00  INFO 181032 --- [civix] [restartedMain] o.s.o.j.p.SpringPersistenceUnitInfo      : No LoadTimeWeaver setup: ignoring JPA class transformer
2026-09-14T17:42:57.290-05:00  INFO 181032 --- [civix] [restartedMain] com.zaxxer.hikari.HikariDataSource       : HikariPool-3 - Starting...
2026-09-14T17:42:57.360-05:00  INFO 181032 --- [civix] [restartedMain] com.zaxxer.hikari.pool.HikariPool        : HikariPool-3 - Added connection org.postgresql.jdbc.PgConnection@258c8a02
2026-09-14T17:42:57.361-05:00  INFO 181032 --- [civix] [restartedMain] com.zaxxer.hikari.HikariDataSource       : HikariPool-3 - Start completed.
2026-09-14T17:42:57.369-05:00  WARN 181032 --- [civix] [restartedMain] org.hibernate.orm.deprecation            : HHH90000025: PostgreSQLDialect does not need to be specified explicitly using 'hibernate.dialect' (remove the property setting and it will be selected by default)
2026-09-14T17:42:57.378-05:00  INFO 181032 --- [civix] [restartedMain] org.hibernate.orm.connections.pooling    : HHH10001005: Database info:
	Database JDBC URL [jdbc:postgresql://localhost:5432/db_civix]
	Database driver: PostgreSQL JDBC Driver
	Database dialect: PostgreSQLDialect
	Database version: 18.6
	Default catalog/schema: db_civix/public
	Autocommit mode: undefined/unknown
	Isolation level: READ_COMMITTED [default READ_COMMITTED]
	JDBC fetch size: none
	Pool: DataSourceConnectionProvider
	Minimum pool size: undefined/unknown
	Maximum pool size: undefined/unknown
2026-09-14T17:42:57.615-05:00  INFO 181032 --- [civix] [restartedMain] org.hibernate.orm.core                   : HHH000489: No JTA platform available (set 'hibernate.transaction.jta.platform' to enable JTA platform integration)
2026-09-14T17:42:57.672-05:00  INFO 181032 --- [civix] [restartedMain] j.LocalContainerEntityManagerFactoryBean : Initialized JPA EntityManagerFactory for persistence unit 'default'
2026-09-14T17:42:57.876-05:00  WARN 181032 --- [civix] [restartedMain] JpaBaseConfiguration$JpaWebConfiguration : spring.jpa.open-in-view is enabled by default. Therefore, database queries may be performed during view rendering. Explicitly configure spring.jpa.open-in-view to disable this warning
2026-09-14T17:42:58.035-05:00  INFO 181032 --- [civix] [restartedMain] o.s.boot.tomcat.TomcatWebServer          : Tomcat started on port 8080 (http) with context path '/'
2026-09-14T17:42:58.039-05:00  INFO 181032 --- [civix] [restartedMain] com.civix.CivixApplication               : Started CivixApplication in 1.463 seconds (process running for 22.872)
2026-09-14T17:42:58.041-05:00  WARN 181032 --- [civix] [restartedMain] o.s.core.events.SpringDocAppInitializer  : SpringDoc /v3/api-docs endpoint is enabled by default. To disable it in production, set the property 'springdoc.api-docs.enabled=false'
2026-09-14T17:42:58.041-05:00  WARN 181032 --- [civix] [restartedMain] o.s.core.events.SpringDocAppInitializer  : SpringDoc /swagger-ui.html endpoint is enabled by default. To disable it in production, set the property 'springdoc.swagger-ui.enabled=false'
2026-09-14T17:42:58.042-05:00  INFO 181032 --- [civix] [restartedMain] .ConditionEvaluationDeltaLoggingListener : Condition evaluation unchanged
2026-09-14T17:45:02.197-05:00  INFO 181032 --- [civix] [File Watcher] rtingClassPathChangeChangedEventListener : Restarting due to 5 class path changes (0 additions, 5 deletions, 0 modifications)
2026-09-14T17:45:02.199-05:00  INFO 181032 --- [civix] [Thread-9] o.s.boot.tomcat.GracefulShutdown         : Commencing graceful shutdown. Waiting for active requests to complete
2026-09-14T17:45:02.214-05:00  INFO 181032 --- [civix] [tomcat-shutdown] o.s.boot.tomcat.GracefulShutdown         : Graceful shutdown complete
2026-09-14T17:45:02.217-05:00  INFO 181032 --- [civix] [Thread-9] j.LocalContainerEntityManagerFactoryBean : Closing JPA EntityManagerFactory for persistence unit 'default'
2026-09-14T17:45:02.219-05:00  INFO 181032 --- [civix] [Thread-9] com.zaxxer.hikari.HikariDataSource       : HikariPool-3 - Shutdown initiated...
2026-09-14T17:45:02.224-05:00  INFO 181032 --- [civix] [Thread-9] com.zaxxer.hikari.HikariDataSource       : HikariPool-3 - Shutdown completed.
2026-09-14T17:45:02.390-05:00  INFO 181032 --- [civix] [restartedMain] com.civix.CivixApplication               : Starting CivixApplication using Java 21.0.12.1 with PID 181032 (C:\Users\gmari\civix\civix\civix\target\classes started by gmari in C:\Users\gmari\civix\civix\civix)
2026-09-14T17:45:02.391-05:00 DEBUG 181032 --- [civix] [restartedMain] com.civix.CivixApplication               : Running with Spring Boot v4.1.1, Spring v7.0.9
2026-09-14T17:45:02.392-05:00  INFO 181032 --- [civix] [restartedMain] com.civix.CivixApplication               : No active profile set, falling back to 1 default profile: "default"
2026-09-14T17:45:02.872-05:00  INFO 181032 --- [civix] [restartedMain] .s.d.r.c.RepositoryConfigurationDelegate : Bootstrapping Spring Data JPA repositories in DEFAULT mode.
2026-09-14T17:45:02.883-05:00  WARN 181032 --- [civix] [restartedMain] ConfigServletWebServerApplicationContext : Exception encountered during context initialization - cancelling refresh attempt: java.lang.TypeNotPresentException: Type com.civix.entidades.Calificacion not present
2026-09-14T17:45:02.888-05:00  INFO 181032 --- [civix] [restartedMain] .s.b.a.l.ConditionEvaluationReportLogger : 

Error starting ApplicationContext. To display the condition evaluation report re-run your application with 'debug' enabled.
2026-09-14T17:45:02.921-05:00 ERROR 181032 --- [civix] [restartedMain] o.s.boot.SpringApplication               : Application run failed

java.lang.TypeNotPresentException: Type com.civix.entidades.Calificacion not present
	at java.base/sun.reflect.generics.factory.CoreReflectionFactory.makeNamedType(CoreReflectionFactory.java:117) ~[na:na]
	at java.base/sun.reflect.generics.visitor.Reifier.visitClassTypeSignature(Reifier.java:125) ~[na:na]
	at java.base/sun.reflect.generics.tree.ClassTypeSignature.accept(ClassTypeSignature.java:49) ~[na:na]
	at java.base/sun.reflect.generics.visitor.Reifier.reifyTypeArguments(Reifier.java:68) ~[na:na]
	at java.base/sun.reflect.generics.visitor.Reifier.visitClassTypeSignature(Reifier.java:138) ~[na:na]
	at java.base/sun.reflect.generics.tree.ClassTypeSignature.accept(ClassTypeSignature.java:49) ~[na:na]
	at java.base/sun.reflect.generics.repository.ClassRepository.computeSuperInterfaces(ClassRepository.java:117) ~[na:na]
	at java.base/sun.reflect.generics.repository.ClassRepository.getSuperInterfaces(ClassRepository.java:95) ~[na:na]
	at java.base/java.lang.Class.getGenericInterfaces(Class.java:1298) ~[na:na]
	at org.springframework.core.ResolvableType.getInterfaces(ResolvableType.java:544) ~[spring-core-7.0.9.jar:7.0.9]
	at org.springframework.core.ResolvableType.as(ResolvableType.java:492) ~[spring-core-7.0.9.jar:7.0.9]
	at org.springframework.data.core.TypeDiscoverer.getSuperTypeInformation(TypeDiscoverer.java:266) ~[spring-data-commons-4.1.1.jar:4.1.1]
	at org.springframework.data.core.TypeInformation.getRequiredSuperTypeInformation(TypeInformation.java:328) ~[spring-data-commons-4.1.1.jar:4.1.1]
	at org.springframework.data.repository.core.support.DefaultRepositoryMetadata.<init>(DefaultRepositoryMetadata.java:55) ~[spring-data-commons-4.1.1.jar:4.1.1]
	at org.springframework.data.repository.core.support.AbstractRepositoryMetadata.getMetadata(AbstractRepositoryMetadata.java:79) ~[spring-data-commons-4.1.1.jar:4.1.1]
	at org.springframework.data.repository.config.RepositoryConfigurationExtensionSupport.getRepositoryConfigurations(RepositoryConfigurationExtensionSupport.java:93) ~[spring-data-commons-4.1.1.jar:4.1.1]
	at org.springframework.data.repository.config.RepositoryConfigurationDelegate.registerRepositoriesIn(RepositoryConfigurationDelegate.java:170) ~[spring-data-commons-4.1.1.jar:4.1.1]
	at org.springframework.boot.autoconfigure.data.AbstractRepositoryConfigurationSourceSupport.registerBeanDefinitions(AbstractRepositoryConfigurationSourceSupport.java:67) ~[spring-boot-autoconfigure-4.1.1.jar:4.1.1]
	at org.springframework.context.annotation.ConfigurationClassBeanDefinitionReader.lambda$loadBeanDefinitionsFromImportBeanDefinitionRegistrars$0(ConfigurationClassBeanDefinitionReader.java:422) ~[spring-context-7.0.9.jar:7.0.9]
	at java.base/java.util.LinkedHashMap.forEach(LinkedHashMap.java:986) ~[na:na]
	at org.springframework.context.annotation.ConfigurationClassBeanDefinitionReader.loadBeanDefinitionsFromImportBeanDefinitionRegistrars(ConfigurationClassBeanDefinitionReader.java:421) ~[spring-context-7.0.9.jar:7.0.9]
	at org.springframework.context.annotation.ConfigurationClassBeanDefinitionReader.loadBeanDefinitionsForConfigurationClass(ConfigurationClassBeanDefinitionReader.java:152) ~[spring-context-7.0.9.jar:7.0.9]
	at org.springframework.context.annotation.ConfigurationClassBeanDefinitionReader.loadBeanDefinitions(ConfigurationClassBeanDefinitionReader.java:124) ~[spring-context-7.0.9.jar:7.0.9]
	at org.springframework.context.annotation.ConfigurationClassPostProcessor.processConfigBeanDefinitions(ConfigurationClassPostProcessor.java:464) ~[spring-context-7.0.9.jar:7.0.9]
	at org.springframework.context.annotation.ConfigurationClassPostProcessor.postProcessBeanDefinitionRegistry(ConfigurationClassPostProcessor.java:316) ~[spring-context-7.0.9.jar:7.0.9]
	at org.springframework.context.support.PostProcessorRegistrationDelegate.invokeBeanDefinitionRegistryPostProcessors(PostProcessorRegistrationDelegate.java:349) ~[spring-context-7.0.9.jar:7.0.9]
	at org.springframework.context.support.PostProcessorRegistrationDelegate.invokeBeanFactoryPostProcessors(PostProcessorRegistrationDelegate.java:118) ~[spring-context-7.0.9.jar:7.0.9]
	at org.springframework.context.support.AbstractApplicationContext.invokeBeanFactoryPostProcessors(AbstractApplicationContext.java:795) ~[spring-context-7.0.9.jar:7.0.9]
	at org.springframework.context.support.AbstractApplicationContext.refresh(AbstractApplicationContext.java:603) ~[spring-context-7.0.9.jar:7.0.9]
	at org.springframework.boot.web.server.servlet.context.ServletWebServerApplicationContext.refresh(ServletWebServerApplicationContext.java:143) ~[spring-boot-web-server-4.1.1.jar:4.1.1]
	at org.springframework.boot.SpringApplication.refresh(SpringApplication.java:756) ~[spring-boot-4.1.1.jar:4.1.1]
	at org.springframework.boot.SpringApplication.refreshContext(SpringApplication.java:445) ~[spring-boot-4.1.1.jar:4.1.1]
	at org.springframework.boot.SpringApplication.run(SpringApplication.java:321) ~[spring-boot-4.1.1.jar:4.1.1]
	at org.springframework.boot.SpringApplication.run(SpringApplication.java:1365) ~[spring-boot-4.1.1.jar:4.1.1]
	at org.springframework.boot.SpringApplication.run(SpringApplication.java:1354) ~[spring-boot-4.1.1.jar:4.1.1]
	at com.civix.CivixApplication.main(CivixApplication.java:10) ~[classes/:na]
	at java.base/jdk.internal.reflect.DirectMethodHandleAccessor.invoke(DirectMethodHandleAccessor.java:103) ~[na:na]
	at java.base/java.lang.reflect.Method.invoke(Method.java:580) ~[na:na]
	at org.springframework.boot.devtools.restart.RestartLauncher.run(RestartLauncher.java:52) ~[spring-boot-devtools-4.1.1.jar:4.1.1]
Caused by: java.lang.ClassNotFoundException: com.civix.entidades.Calificacion
	at java.base/jdk.internal.loader.BuiltinClassLoader.loadClass(BuiltinClassLoader.java:641) ~[na:na]
	at java.base/jdk.internal.loader.ClassLoaders$AppClassLoader.loadClass(ClassLoaders.java:188) ~[na:na]
	at java.base/java.lang.ClassLoader.loadClass(ClassLoader.java:526) ~[na:na]
	at java.base/java.lang.Class.forName0(Native Method) ~[na:na]
	at java.base/java.lang.Class.forName(Class.java:536) ~[na:na]
	at java.base/java.lang.Class.forName(Class.java:515) ~[na:na]
	at org.springframework.boot.devtools.restart.classloader.RestartClassLoader.loadClass(RestartClassLoader.java:123) ~[spring-boot-devtools-4.1.1.jar:4.1.1]
	at java.base/java.lang.ClassLoader.loadClass(ClassLoader.java:526) ~[na:na]
	at java.base/java.lang.Class.forName0(Native Method) ~[na:na]
	at java.base/java.lang.Class.forName(Class.java:536) ~[na:na]
	at java.base/java.lang.Class.forName(Class.java:515) ~[na:na]
	at java.base/sun.reflect.generics.factory.CoreReflectionFactory.makeNamedType(CoreReflectionFactory.java:114) ~[na:na]
	... 38 common frames omitted

2026-09-14T17:45:05.447-05:00  INFO 181032 --- [civix] [restartedMain] com.civix.CivixApplication               : Starting CivixApplication using Java 21.0.12.1 with PID 181032 (C:\Users\gmari\civix\civix\civix\target\classes started by gmari in C:\Users\gmari\civix\civix\civix)
2026-09-14T17:45:05.448-05:00 DEBUG 181032 --- [civix] [restartedMain] com.civix.CivixApplication               : Running with Spring Boot v4.1.1, Spring v7.0.9
2026-09-14T17:45:05.448-05:00  INFO 181032 --- [civix] [restartedMain] com.civix.CivixApplication               : No active profile set, falling back to 1 default profile: "default"
2026-09-14T17:45:05.798-05:00  INFO 181032 --- [civix] [restartedMain] .s.d.r.c.RepositoryConfigurationDelegate : Bootstrapping Spring Data JPA repositories in DEFAULT mode.
2026-09-14T17:45:05.858-05:00  INFO 181032 --- [civix] [restartedMain] .s.d.r.c.RepositoryConfigurationDelegate : Finished Spring Data repository scanning in 56 ms. Found 7 JPA repository interfaces.
2026-09-14T17:45:06.036-05:00  INFO 181032 --- [civix] [restartedMain] o.s.boot.tomcat.TomcatWebServer          : Tomcat initialized with port 8080 (http)
2026-09-14T17:45:06.039-05:00  INFO 181032 --- [civix] [restartedMain] o.apache.catalina.core.StandardService   : Starting service [Tomcat]
2026-09-14T17:45:06.039-05:00  INFO 181032 --- [civix] [restartedMain] o.apache.catalina.core.StandardEngine    : Starting Servlet engine: [Apache Tomcat/11.0.24]
2026-09-14T17:45:06.072-05:00  INFO 181032 --- [civix] [restartedMain] b.w.c.s.WebApplicationContextInitializer : Root WebApplicationContext: initialization completed in 621 ms
2026-09-14T17:45:06.119-05:00  INFO 181032 --- [civix] [restartedMain] org.hibernate.orm.jpa                    : HHH008540: Processing PersistenceUnitInfo [name: default]
2026-09-14T17:45:06.164-05:00  INFO 181032 --- [civix] [restartedMain] o.s.o.j.p.SpringPersistenceUnitInfo      : No LoadTimeWeaver setup: ignoring JPA class transformer
2026-09-14T17:45:06.165-05:00  INFO 181032 --- [civix] [restartedMain] com.zaxxer.hikari.HikariDataSource       : HikariPool-4 - Starting...
2026-09-14T17:45:06.253-05:00  INFO 181032 --- [civix] [restartedMain] com.zaxxer.hikari.pool.HikariPool        : HikariPool-4 - Added connection org.postgresql.jdbc.PgConnection@1870634f
2026-09-14T17:45:06.253-05:00  INFO 181032 --- [civix] [restartedMain] com.zaxxer.hikari.HikariDataSource       : HikariPool-4 - Start completed.
2026-09-14T17:45:06.265-05:00  WARN 181032 --- [civix] [restartedMain] org.hibernate.orm.deprecation            : HHH90000025: PostgreSQLDialect does not need to be specified explicitly using 'hibernate.dialect' (remove the property setting and it will be selected by default)
2026-09-14T17:45:06.275-05:00  INFO 181032 --- [civix] [restartedMain] org.hibernate.orm.connections.pooling    : HHH10001005: Database info:
	Database JDBC URL [jdbc:postgresql://localhost:5432/db_civix]
	Database driver: PostgreSQL JDBC Driver
	Database dialect: PostgreSQLDialect
	Database version: 18.6
	Default catalog/schema: db_civix/public
	Autocommit mode: undefined/unknown
	Isolation level: READ_COMMITTED [default READ_COMMITTED]
	JDBC fetch size: none
	Pool: DataSourceConnectionProvider
	Minimum pool size: undefined/unknown
	Maximum pool size: undefined/unknown
2026-09-14T17:45:06.508-05:00  INFO 181032 --- [civix] [restartedMain] org.hibernate.orm.core                   : HHH000489: No JTA platform available (set 'hibernate.transaction.jta.platform' to enable JTA platform integration)
2026-09-14T17:45:06.607-05:00  INFO 181032 --- [civix] [restartedMain] j.LocalContainerEntityManagerFactoryBean : Initialized JPA EntityManagerFactory for persistence unit 'default'
2026-09-14T17:45:06.815-05:00  WARN 181032 --- [civix] [restartedMain] JpaBaseConfiguration$JpaWebConfiguration : spring.jpa.open-in-view is enabled by default. Therefore, database queries may be performed during view rendering. Explicitly configure spring.jpa.open-in-view to disable this warning
2026-09-14T17:45:07.003-05:00  INFO 181032 --- [civix] [restartedMain] o.s.boot.tomcat.TomcatWebServer          : Tomcat started on port 8080 (http) with context path '/'
2026-09-14T17:45:07.005-05:00  INFO 181032 --- [civix] [restartedMain] com.civix.CivixApplication               : Started CivixApplication in 1.596 seconds (process running for 151.839)
2026-09-14T17:45:07.006-05:00  WARN 181032 --- [civix] [restartedMain] o.s.core.events.SpringDocAppInitializer  : SpringDoc /v3/api-docs endpoint is enabled by default. To disable it in production, set the property 'springdoc.api-docs.enabled=false'
2026-09-14T17:45:07.006-05:00  WARN 181032 --- [civix] [restartedMain] o.s.core.events.SpringDocAppInitializer  : SpringDoc /swagger-ui.html endpoint is enabled by default. To disable it in production, set the property 'springdoc.swagger-ui.enabled=false'
2026-09-14T17:45:07.007-05:00  INFO 181032 --- [civix] [restartedMain] .ConditionEvaluationDeltaLoggingListener : Condition evaluation unchanged
2026-09-14T17:45:35.990-05:00  INFO 181032 --- [civix] [File Watcher] rtingClassPathChangeChangedEventListener : Restarting due to 1 class path change (0 additions, 1 deletion, 0 modifications)
2026-09-14T17:45:35.992-05:00  INFO 181032 --- [civix] [Thread-13] o.s.boot.tomcat.GracefulShutdown         : Commencing graceful shutdown. Waiting for active requests to complete
2026-09-14T17:45:35.999-05:00  INFO 181032 --- [civix] [tomcat-shutdown] o.s.boot.tomcat.GracefulShutdown         : Graceful shutdown complete
2026-09-14T17:45:36.002-05:00  INFO 181032 --- [civix] [Thread-13] j.LocalContainerEntityManagerFactoryBean : Closing JPA EntityManagerFactory for persistence unit 'default'
2026-09-14T17:45:36.002-05:00  INFO 181032 --- [civix] [Thread-13] com.zaxxer.hikari.HikariDataSource       : HikariPool-4 - Shutdown initiated...
2026-09-14T17:45:36.005-05:00  INFO 181032 --- [civix] [Thread-13] com.zaxxer.hikari.HikariDataSource       : HikariPool-4 - Shutdown completed.
2026-09-14T17:45:36.111-05:00  INFO 181032 --- [civix] [restartedMain] com.civix.CivixApplication               : Starting CivixApplication using Java 21.0.12.1 with PID 181032 (C:\Users\gmari\civix\civix\civix\target\classes started by gmari in C:\Users\gmari\civix\civix\civix)
2026-09-14T17:45:36.111-05:00 DEBUG 181032 --- [civix] [restartedMain] com.civix.CivixApplication               : Running with Spring Boot v4.1.1, Spring v7.0.9
2026-09-14T17:45:36.111-05:00  INFO 181032 --- [civix] [restartedMain] com.civix.CivixApplication               : No active profile set, falling back to 1 default profile: "default"
2026-09-14T17:45:36.473-05:00  INFO 181032 --- [civix] [restartedMain] .s.d.r.c.RepositoryConfigurationDelegate : Bootstrapping Spring Data JPA repositories in DEFAULT mode.
2026-09-14T17:45:36.523-05:00  INFO 181032 --- [civix] [restartedMain] .s.d.r.c.RepositoryConfigurationDelegate : Finished Spring Data repository scanning in 46 ms. Found 7 JPA repository interfaces.
2026-09-14T17:45:36.692-05:00  INFO 181032 --- [civix] [restartedMain] o.s.boot.tomcat.TomcatWebServer          : Tomcat initialized with port 8080 (http)
2026-09-14T17:45:36.694-05:00  INFO 181032 --- [civix] [restartedMain] o.apache.catalina.core.StandardService   : Starting service [Tomcat]
2026-09-14T17:45:36.694-05:00  INFO 181032 --- [civix] [restartedMain] o.apache.catalina.core.StandardEngine    : Starting Servlet engine: [Apache Tomcat/11.0.24]
2026-09-14T17:45:36.735-05:00  INFO 181032 --- [civix] [restartedMain] b.w.c.s.WebApplicationContextInitializer : Root WebApplicationContext: initialization completed in 621 ms
2026-09-14T17:45:36.798-05:00  INFO 181032 --- [civix] [restartedMain] org.hibernate.orm.jpa                    : HHH008540: Processing PersistenceUnitInfo [name: default]
2026-09-14T17:45:36.883-05:00  INFO 181032 --- [civix] [restartedMain] o.s.o.j.p.SpringPersistenceUnitInfo      : No LoadTimeWeaver setup: ignoring JPA class transformer
2026-09-14T17:45:36.885-05:00  INFO 181032 --- [civix] [restartedMain] com.zaxxer.hikari.HikariDataSource       : HikariPool-5 - Starting...
2026-09-14T17:45:36.982-05:00  INFO 181032 --- [civix] [restartedMain] com.zaxxer.hikari.pool.HikariPool        : HikariPool-5 - Added connection org.postgresql.jdbc.PgConnection@63f4bbb1
2026-09-14T17:45:36.982-05:00  INFO 181032 --- [civix] [restartedMain] com.zaxxer.hikari.HikariDataSource       : HikariPool-5 - Start completed.
2026-09-14T17:45:36.998-05:00  WARN 181032 --- [civix] [restartedMain] org.hibernate.orm.deprecation            : HHH90000025: PostgreSQLDialect does not need to be specified explicitly using 'hibernate.dialect' (remove the property setting and it will be selected by default)
2026-09-14T17:45:37.012-05:00  INFO 181032 --- [civix] [restartedMain] org.hibernate.orm.connections.pooling    : HHH10001005: Database info:
	Database JDBC URL [jdbc:postgresql://localhost:5432/db_civix]
	Database driver: PostgreSQL JDBC Driver
	Database dialect: PostgreSQLDialect
	Database version: 18.6
	Default catalog/schema: db_civix/public
	Autocommit mode: undefined/unknown
	Isolation level: READ_COMMITTED [default READ_COMMITTED]
	JDBC fetch size: none
	Pool: DataSourceConnectionProvider
	Minimum pool size: undefined/unknown
	Maximum pool size: undefined/unknown
2026-09-14T17:45:37.309-05:00  INFO 181032 --- [civix] [restartedMain] org.hibernate.orm.core                   : HHH000489: No JTA platform available (set 'hibernate.transaction.jta.platform' to enable JTA platform integration)
2026-09-14T17:45:37.415-05:00  INFO 181032 --- [civix] [restartedMain] j.LocalContainerEntityManagerFactoryBean : Initialized JPA EntityManagerFactory for persistence unit 'default'
2026-09-14T17:45:37.737-05:00  WARN 181032 --- [civix] [restartedMain] JpaBaseConfiguration$JpaWebConfiguration : spring.jpa.open-in-view is enabled by default. Therefore, database queries may be performed during view rendering. Explicitly configure spring.jpa.open-in-view to disable this warning
2026-09-14T17:45:37.970-05:00  INFO 181032 --- [civix] [restartedMain] o.s.boot.tomcat.TomcatWebServer          : Tomcat started on port 8080 (http) with context path '/'
2026-09-14T17:45:37.973-05:00  INFO 181032 --- [civix] [restartedMain] com.civix.CivixApplication               : Started CivixApplication in 1.896 seconds (process running for 182.806)
2026-09-14T17:45:37.974-05:00  WARN 181032 --- [civix] [restartedMain] o.s.core.events.SpringDocAppInitializer  : SpringDoc /v3/api-docs endpoint is enabled by default. To disable it in production, set the property 'springdoc.api-docs.enabled=false'
2026-09-14T17:45:37.974-05:00  WARN 181032 --- [civix] [restartedMain] o.s.core.events.SpringDocAppInitializer  : SpringDoc /swagger-ui.html endpoint is enabled by default. To disable it in production, set the property 'springdoc.swagger-ui.enabled=false'
2026-09-14T17:45:37.974-05:00  INFO 181032 --- [civix] [restartedMain] .ConditionEvaluationDeltaLoggingListener : Condition evaluation unchanged
2026-09-14T17:45:39.384-05:00  INFO 181032 --- [civix] [File Watcher] rtingClassPathChangeChangedEventListener : Restarting due to 1 class path change (1 addition, 0 deletions, 0 modifications)
2026-09-14T17:45:39.385-05:00  INFO 181032 --- [civix] [Thread-20] o.s.boot.tomcat.GracefulShutdown         : Commencing graceful shutdown. Waiting for active requests to complete
2026-09-14T17:45:39.392-05:00  INFO 181032 --- [civix] [tomcat-shutdown] o.s.boot.tomcat.GracefulShutdown         : Graceful shutdown complete
2026-09-14T17:45:39.395-05:00  INFO 181032 --- [civix] [Thread-20] j.LocalContainerEntityManagerFactoryBean : Closing JPA EntityManagerFactory for persistence unit 'default'
2026-09-14T17:45:39.395-05:00  INFO 181032 --- [civix] [Thread-20] com.zaxxer.hikari.HikariDataSource       : HikariPool-5 - Shutdown initiated...
2026-09-14T17:45:39.397-05:00  INFO 181032 --- [civix] [Thread-20] com.zaxxer.hikari.HikariDataSource       : HikariPool-5 - Shutdown completed.
2026-09-14T17:45:39.490-05:00  INFO 181032 --- [civix] [restartedMain] com.civix.CivixApplication               : Starting CivixApplication using Java 21.0.12.1 with PID 181032 (C:\Users\gmari\civix\civix\civix\target\classes started by gmari in C:\Users\gmari\civix\civix\civix)
2026-09-14T17:45:39.490-05:00 DEBUG 181032 --- [civix] [restartedMain] com.civix.CivixApplication               : Running with Spring Boot v4.1.1, Spring v7.0.9
2026-09-14T17:45:39.490-05:00  INFO 181032 --- [civix] [restartedMain] com.civix.CivixApplication               : No active profile set, falling back to 1 default profile: "default"
2026-09-14T17:45:39.684-05:00  INFO 181032 --- [civix] [restartedMain] .s.d.r.c.RepositoryConfigurationDelegate : Bootstrapping Spring Data JPA repositories in DEFAULT mode.
2026-09-14T17:45:39.704-05:00  INFO 181032 --- [civix] [restartedMain] .s.d.r.c.RepositoryConfigurationDelegate : Finished Spring Data repository scanning in 19 ms. Found 7 JPA repository interfaces.
2026-09-14T17:45:39.778-05:00  INFO 181032 --- [civix] [restartedMain] o.s.boot.tomcat.TomcatWebServer          : Tomcat initialized with port 8080 (http)
2026-09-14T17:45:39.779-05:00  INFO 181032 --- [civix] [restartedMain] o.apache.catalina.core.StandardService   : Starting service [Tomcat]
2026-09-14T17:45:39.779-05:00  INFO 181032 --- [civix] [restartedMain] o.apache.catalina.core.StandardEngine    : Starting Servlet engine: [Apache Tomcat/11.0.24]
2026-09-14T17:45:39.800-05:00  INFO 181032 --- [civix] [restartedMain] b.w.c.s.WebApplicationContextInitializer : Root WebApplicationContext: initialization completed in 308 ms
2026-09-14T17:45:39.837-05:00  INFO 181032 --- [civix] [restartedMain] org.hibernate.orm.jpa                    : HHH008540: Processing PersistenceUnitInfo [name: default]
2026-09-14T17:45:39.904-05:00  INFO 181032 --- [civix] [restartedMain] o.s.o.j.p.SpringPersistenceUnitInfo      : No LoadTimeWeaver setup: ignoring JPA class transformer
2026-09-14T17:45:39.906-05:00  INFO 181032 --- [civix] [restartedMain] com.zaxxer.hikari.HikariDataSource       : HikariPool-6 - Starting...
2026-09-14T17:45:39.985-05:00  INFO 181032 --- [civix] [restartedMain] com.zaxxer.hikari.pool.HikariPool        : HikariPool-6 - Added connection org.postgresql.jdbc.PgConnection@70b4fefd
2026-09-14T17:45:39.985-05:00  INFO 181032 --- [civix] [restartedMain] com.zaxxer.hikari.HikariDataSource       : HikariPool-6 - Start completed.
2026-09-14T17:45:39.992-05:00  WARN 181032 --- [civix] [restartedMain] org.hibernate.orm.deprecation            : HHH90000025: PostgreSQLDialect does not need to be specified explicitly using 'hibernate.dialect' (remove the property setting and it will be selected by default)
2026-09-14T17:45:40.000-05:00  INFO 181032 --- [civix] [restartedMain] org.hibernate.orm.connections.pooling    : HHH10001005: Database info:
	Database JDBC URL [jdbc:postgresql://localhost:5432/db_civix]
	Database driver: PostgreSQL JDBC Driver
	Database dialect: PostgreSQLDialect
	Database version: 18.6
	Default catalog/schema: db_civix/public
	Autocommit mode: undefined/unknown
	Isolation level: READ_COMMITTED [default READ_COMMITTED]
	JDBC fetch size: none
	Pool: DataSourceConnectionProvider
	Minimum pool size: undefined/unknown
	Maximum pool size: undefined/unknown
2026-09-14T17:45:40.133-05:00  INFO 181032 --- [civix] [restartedMain] org.hibernate.orm.core                   : HHH000489: No JTA platform available (set 'hibernate.transaction.jta.platform' to enable JTA platform integration)
2026-09-14T17:45:40.194-05:00  INFO 181032 --- [civix] [restartedMain] j.LocalContainerEntityManagerFactoryBean : Initialized JPA EntityManagerFactory for persistence unit 'default'
2026-09-14T17:45:40.348-05:00  WARN 181032 --- [civix] [restartedMain] JpaBaseConfiguration$JpaWebConfiguration : spring.jpa.open-in-view is enabled by default. Therefore, database queries may be performed during view rendering. Explicitly configure spring.jpa.open-in-view to disable this warning
2026-09-14T17:45:40.492-05:00  INFO 181032 --- [civix] [restartedMain] o.s.boot.tomcat.TomcatWebServer          : Tomcat started on port 8080 (http) with context path '/'
2026-09-14T17:45:40.494-05:00  INFO 181032 --- [civix] [restartedMain] com.civix.CivixApplication               : Started CivixApplication in 1.03 seconds (process running for 185.328)
2026-09-14T17:45:40.495-05:00  WARN 181032 --- [civix] [restartedMain] o.s.core.events.SpringDocAppInitializer  : SpringDoc /v3/api-docs endpoint is enabled by default. To disable it in production, set the property 'springdoc.api-docs.enabled=false'
2026-09-14T17:45:40.495-05:00  WARN 181032 --- [civix] [restartedMain] o.s.core.events.SpringDocAppInitializer  : SpringDoc /swagger-ui.html endpoint is enabled by default. To disable it in production, set the property 'springdoc.swagger-ui.enabled=false'
2026-09-14T17:45:40.496-05:00  INFO 181032 --- [civix] [restartedMain] .ConditionEvaluationDeltaLoggingListener : Condition evaluation unchanged
2026-09-14T17:46:03.404-05:00  INFO 181032 --- [civix] [File Watcher] rtingClassPathChangeChangedEventListener : Restarting due to 1 class path change (0 additions, 1 deletion, 0 modifications)
2026-09-14T17:46:03.406-05:00  INFO 181032 --- [civix] [Thread-24] o.s.boot.tomcat.GracefulShutdown         : Commencing graceful shutdown. Waiting for active requests to complete
2026-09-14T17:46:03.411-05:00  INFO 181032 --- [civix] [tomcat-shutdown] o.s.boot.tomcat.GracefulShutdown         : Graceful shutdown complete
2026-09-14T17:46:03.414-05:00  INFO 181032 --- [civix] [Thread-24] j.LocalContainerEntityManagerFactoryBean : Closing JPA EntityManagerFactory for persistence unit 'default'
2026-09-14T17:46:03.414-05:00  INFO 181032 --- [civix] [Thread-24] com.zaxxer.hikari.HikariDataSource       : HikariPool-6 - Shutdown initiated...
2026-09-14T17:46:03.417-05:00  INFO 181032 --- [civix] [Thread-24] com.zaxxer.hikari.HikariDataSource       : HikariPool-6 - Shutdown completed.
2026-09-14T17:46:03.531-05:00  INFO 181032 --- [civix] [restartedMain] com.civix.CivixApplication               : Starting CivixApplication using Java 21.0.12.1 with PID 181032 (C:\Users\gmari\civix\civix\civix\target\classes started by gmari in C:\Users\gmari\civix\civix\civix)
2026-09-14T17:46:03.532-05:00 DEBUG 181032 --- [civix] [restartedMain] com.civix.CivixApplication               : Running with Spring Boot v4.1.1, Spring v7.0.9
2026-09-14T17:46:03.532-05:00  INFO 181032 --- [civix] [restartedMain] com.civix.CivixApplication               : No active profile set, falling back to 1 default profile: "default"
2026-09-14T17:46:03.843-05:00  INFO 181032 --- [civix] [restartedMain] .s.d.r.c.RepositoryConfigurationDelegate : Bootstrapping Spring Data JPA repositories in DEFAULT mode.
2026-09-14T17:46:03.868-05:00  INFO 181032 --- [civix] [restartedMain] .s.d.r.c.RepositoryConfigurationDelegate : Finished Spring Data repository scanning in 23 ms. Found 6 JPA repository interfaces.
2026-09-14T17:46:03.983-05:00  INFO 181032 --- [civix] [restartedMain] o.s.boot.tomcat.TomcatWebServer          : Tomcat initialized with port 8080 (http)
2026-09-14T17:46:03.984-05:00  INFO 181032 --- [civix] [restartedMain] o.apache.catalina.core.StandardService   : Starting service [Tomcat]
2026-09-14T17:46:03.984-05:00  INFO 181032 --- [civix] [restartedMain] o.apache.catalina.core.StandardEngine    : Starting Servlet engine: [Apache Tomcat/11.0.24]
2026-09-14T17:46:04.020-05:00  INFO 181032 --- [civix] [restartedMain] b.w.c.s.WebApplicationContextInitializer : Root WebApplicationContext: initialization completed in 485 ms
2026-09-14T17:46:04.095-05:00  INFO 181032 --- [civix] [restartedMain] org.hibernate.orm.jpa                    : HHH008540: Processing PersistenceUnitInfo [name: default]
2026-09-14T17:46:04.150-05:00  INFO 181032 --- [civix] [restartedMain] o.s.o.j.p.SpringPersistenceUnitInfo      : No LoadTimeWeaver setup: ignoring JPA class transformer
2026-09-14T17:46:04.151-05:00  INFO 181032 --- [civix] [restartedMain] com.zaxxer.hikari.HikariDataSource       : HikariPool-7 - Starting...
2026-09-14T17:46:04.225-05:00  INFO 181032 --- [civix] [restartedMain] com.zaxxer.hikari.pool.HikariPool        : HikariPool-7 - Added connection org.postgresql.jdbc.PgConnection@53a8197d
2026-09-14T17:46:04.226-05:00  INFO 181032 --- [civix] [restartedMain] com.zaxxer.hikari.HikariDataSource       : HikariPool-7 - Start completed.
2026-09-14T17:46:04.233-05:00  WARN 181032 --- [civix] [restartedMain] org.hibernate.orm.deprecation            : HHH90000025: PostgreSQLDialect does not need to be specified explicitly using 'hibernate.dialect' (remove the property setting and it will be selected by default)
2026-09-14T17:46:04.240-05:00  INFO 181032 --- [civix] [restartedMain] org.hibernate.orm.connections.pooling    : HHH10001005: Database info:
	Database JDBC URL [jdbc:postgresql://localhost:5432/db_civix]
	Database driver: PostgreSQL JDBC Driver
	Database dialect: PostgreSQLDialect
	Database version: 18.6
	Default catalog/schema: db_civix/public
	Autocommit mode: undefined/unknown
	Isolation level: READ_COMMITTED [default READ_COMMITTED]
	JDBC fetch size: none
	Pool: DataSourceConnectionProvider
	Minimum pool size: undefined/unknown
	Maximum pool size: undefined/unknown
2026-09-14T17:46:04.487-05:00  INFO 181032 --- [civix] [restartedMain] org.hibernate.orm.core                   : HHH000489: No JTA platform available (set 'hibernate.transaction.jta.platform' to enable JTA platform integration)
2026-09-14T17:46:04.615-05:00  INFO 181032 --- [civix] [restartedMain] j.LocalContainerEntityManagerFactoryBean : Initialized JPA EntityManagerFactory for persistence unit 'default'
2026-09-14T17:46:04.928-05:00  WARN 181032 --- [civix] [restartedMain] ConfigServletWebServerApplicationContext : Exception encountered during context initialization - cancelling refresh attempt: org.springframework.beans.factory.UnsatisfiedDependencyException: Error creating bean with name 'usuarioControlador': Unsatisfied dependency expressed through field 'usuarioServicio': Error creating bean with name 'usuarioServicio': Unsatisfied dependency expressed through field 'usuarioRepositorio': No qualifying bean of type 'com.civix.repositorios.UsuarioRepositorio' available: expected at least 1 bean which qualifies as autowire candidate. Dependency annotations: {@org.springframework.beans.factory.annotation.Autowired(required=true)}
2026-09-14T17:46:04.929-05:00  INFO 181032 --- [civix] [restartedMain] j.LocalContainerEntityManagerFactoryBean : Closing JPA EntityManagerFactory for persistence unit 'default'
2026-09-14T17:46:04.930-05:00  INFO 181032 --- [civix] [restartedMain] com.zaxxer.hikari.HikariDataSource       : HikariPool-7 - Shutdown initiated...
2026-09-14T17:46:05.030-05:00  INFO 181032 --- [civix] [restartedMain] com.zaxxer.hikari.HikariDataSource       : HikariPool-7 - Shutdown completed.
2026-09-14T17:46:05.031-05:00  INFO 181032 --- [civix] [restartedMain] o.apache.catalina.core.StandardService   : Stopping service [Tomcat]
2026-09-14T17:46:05.042-05:00  INFO 181032 --- [civix] [restartedMain] .s.b.a.l.ConditionEvaluationReportLogger : 

Error starting ApplicationContext. To display the condition evaluation report re-run your application with 'debug' enabled.
2026-09-14T17:46:05.052-05:00 ERROR 181032 --- [civix] [restartedMain] o.s.b.d.LoggingFailureAnalysisReporter   : 

***************************
APPLICATION FAILED TO START
***************************

Description:

Field usuarioRepositorio in com.civix.servicios.UsuarioServicio required a bean of type 'com.civix.repositorios.UsuarioRepositorio' that could not be found.

The injection point has the following annotations:
	- @org.springframework.beans.factory.annotation.Autowired(required=true)


Action:

Consider defining a bean of type 'com.civix.repositorios.UsuarioRepositorio' in your configuration.

2026-09-14T17:46:06.568-05:00  INFO 181032 --- [civix] [restartedMain] com.civix.CivixApplication               : Starting CivixApplication using Java 21.0.12.1 with PID 181032 (C:\Users\gmari\civix\civix\civix\target\classes started by gmari in C:\Users\gmari\civix\civix\civix)
2026-09-14T17:46:06.569-05:00 DEBUG 181032 --- [civix] [restartedMain] com.civix.CivixApplication               : Running with Spring Boot v4.1.1, Spring v7.0.9
2026-09-14T17:46:06.569-05:00  INFO 181032 --- [civix] [restartedMain] com.civix.CivixApplication               : No active profile set, falling back to 1 default profile: "default"
2026-09-14T17:46:07.058-05:00  INFO 181032 --- [civix] [restartedMain] .s.d.r.c.RepositoryConfigurationDelegate : Bootstrapping Spring Data JPA repositories in DEFAULT mode.
2026-09-14T17:46:07.117-05:00  INFO 181032 --- [civix] [restartedMain] .s.d.r.c.RepositoryConfigurationDelegate : Finished Spring Data repository scanning in 56 ms. Found 7 JPA repository interfaces.
2026-09-14T17:46:07.302-05:00  INFO 181032 --- [civix] [restartedMain] o.s.boot.tomcat.TomcatWebServer          : Tomcat initialized with port 8080 (http)
2026-09-14T17:46:07.306-05:00  INFO 181032 --- [civix] [restartedMain] o.apache.catalina.core.StandardService   : Starting service [Tomcat]
2026-09-14T17:46:07.306-05:00  INFO 181032 --- [civix] [restartedMain] o.apache.catalina.core.StandardEngine    : Starting Servlet engine: [Apache Tomcat/11.0.24]
2026-09-14T17:46:07.369-05:00  INFO 181032 --- [civix] [restartedMain] b.w.c.s.WebApplicationContextInitializer : Root WebApplicationContext: initialization completed in 796 ms
2026-09-14T17:46:07.446-05:00  INFO 181032 --- [civix] [restartedMain] org.hibernate.orm.jpa                    : HHH008540: Processing PersistenceUnitInfo [name: default]
2026-09-14T17:46:07.509-05:00  INFO 181032 --- [civix] [restartedMain] o.s.o.j.p.SpringPersistenceUnitInfo      : No LoadTimeWeaver setup: ignoring JPA class transformer
2026-09-14T17:46:07.511-05:00  INFO 181032 --- [civix] [restartedMain] com.zaxxer.hikari.HikariDataSource       : HikariPool-8 - Starting...
2026-09-14T17:46:07.619-05:00  INFO 181032 --- [civix] [restartedMain] com.zaxxer.hikari.pool.HikariPool        : HikariPool-8 - Added connection org.postgresql.jdbc.PgConnection@454a549d
2026-09-14T17:46:07.619-05:00  INFO 181032 --- [civix] [restartedMain] com.zaxxer.hikari.HikariDataSource       : HikariPool-8 - Start completed.
2026-09-14T17:46:07.629-05:00  WARN 181032 --- [civix] [restartedMain] org.hibernate.orm.deprecation            : HHH90000025: PostgreSQLDialect does not need to be specified explicitly using 'hibernate.dialect' (remove the property setting and it will be selected by default)
2026-09-14T17:46:07.639-05:00  INFO 181032 --- [civix] [restartedMain] org.hibernate.orm.connections.pooling    : HHH10001005: Database info:
	Database JDBC URL [jdbc:postgresql://localhost:5432/db_civix]
	Database driver: PostgreSQL JDBC Driver
	Database dialect: PostgreSQLDialect
	Database version: 18.6
	Default catalog/schema: db_civix/public
	Autocommit mode: undefined/unknown
	Isolation level: READ_COMMITTED [default READ_COMMITTED]
	JDBC fetch size: none
	Pool: DataSourceConnectionProvider
	Minimum pool size: undefined/unknown
	Maximum pool size: undefined/unknown
2026-09-14T17:46:07.866-05:00  INFO 181032 --- [civix] [restartedMain] org.hibernate.orm.core                   : HHH000489: No JTA platform available (set 'hibernate.transaction.jta.platform' to enable JTA platform integration)
2026-09-14T17:46:07.965-05:00  INFO 181032 --- [civix] [restartedMain] j.LocalContainerEntityManagerFactoryBean : Initialized JPA EntityManagerFactory for persistence unit 'default'
2026-09-14T17:46:08.171-05:00  WARN 181032 --- [civix] [restartedMain] ConfigServletWebServerApplicationContext : Exception encountered during context initialization - cancelling refresh attempt: org.springframework.beans.factory.BeanCreationException: Error creating bean with name 'usuarioControlador' defined in file [C:\Users\gmari\civix\civix\civix\target\classes\com\civix\controladores\UsuarioControlador.class]: Post-processing of merged bean definition failed
2026-09-14T17:46:08.171-05:00  INFO 181032 --- [civix] [restartedMain] j.LocalContainerEntityManagerFactoryBean : Closing JPA EntityManagerFactory for persistence unit 'default'
2026-09-14T17:46:08.172-05:00  INFO 181032 --- [civix] [restartedMain] com.zaxxer.hikari.HikariDataSource       : HikariPool-8 - Shutdown initiated...
2026-09-14T17:46:08.307-05:00  INFO 181032 --- [civix] [restartedMain] com.zaxxer.hikari.HikariDataSource       : HikariPool-8 - Shutdown completed.
2026-09-14T17:46:08.309-05:00  INFO 181032 --- [civix] [restartedMain] o.apache.catalina.core.StandardService   : Stopping service [Tomcat]
2026-09-14T17:46:08.320-05:00  INFO 181032 --- [civix] [restartedMain] .s.b.a.l.ConditionEvaluationReportLogger : 

Error starting ApplicationContext. To display the condition evaluation report re-run your application with 'debug' enabled.
2026-09-14T17:46:08.327-05:00 ERROR 181032 --- [civix] [restartedMain] o.s.boot.SpringApplication               : Application run failed

org.springframework.beans.factory.BeanCreationException: Error creating bean with name 'usuarioControlador' defined in file [C:\Users\gmari\civix\civix\civix\target\classes\com\civix\controladores\UsuarioControlador.class]: Post-processing of merged bean definition failed
	at org.springframework.beans.factory.support.AbstractAutowireCapableBeanFactory.doCreateBean(AbstractAutowireCapableBeanFactory.java:580) ~[spring-beans-7.0.9.jar:7.0.9]
	at org.springframework.beans.factory.support.AbstractAutowireCapableBeanFactory.createBean(AbstractAutowireCapableBeanFactory.java:525) ~[spring-beans-7.0.9.jar:7.0.9]
	at org.springframework.beans.factory.support.AbstractBeanFactory.lambda$doGetBean$0(AbstractBeanFactory.java:333) ~[spring-beans-7.0.9.jar:7.0.9]
	at org.springframework.beans.factory.support.DefaultSingletonBeanRegistry.getSingleton(DefaultSingletonBeanRegistry.java:371) ~[spring-beans-7.0.9.jar:7.0.9]
	at org.springframework.beans.factory.support.AbstractBeanFactory.doGetBean(AbstractBeanFactory.java:331) ~[spring-beans-7.0.9.jar:7.0.9]
	at org.springframework.beans.factory.support.AbstractBeanFactory.getBean(AbstractBeanFactory.java:196) ~[spring-beans-7.0.9.jar:7.0.9]
	at org.springframework.beans.factory.support.DefaultListableBeanFactory.instantiateSingleton(DefaultListableBeanFactory.java:1225) ~[spring-beans-7.0.9.jar:7.0.9]
	at org.springframework.beans.factory.support.DefaultListableBeanFactory.preInstantiateSingleton(DefaultListableBeanFactory.java:1191) ~[spring-beans-7.0.9.jar:7.0.9]
	at org.springframework.beans.factory.support.DefaultListableBeanFactory.preInstantiateSingletons(DefaultListableBeanFactory.java:1121) ~[spring-beans-7.0.9.jar:7.0.9]
	at org.springframework.context.support.AbstractApplicationContext.finishBeanFactoryInitialization(AbstractApplicationContext.java:994) ~[spring-context-7.0.9.jar:7.0.9]
	at org.springframework.context.support.AbstractApplicationContext.refresh(AbstractApplicationContext.java:621) ~[spring-context-7.0.9.jar:7.0.9]
	at org.springframework.boot.web.server.servlet.context.ServletWebServerApplicationContext.refresh(ServletWebServerApplicationContext.java:143) ~[spring-boot-web-server-4.1.1.jar:4.1.1]
	at org.springframework.boot.SpringApplication.refresh(SpringApplication.java:756) ~[spring-boot-4.1.1.jar:4.1.1]
	at org.springframework.boot.SpringApplication.refreshContext(SpringApplication.java:445) ~[spring-boot-4.1.1.jar:4.1.1]
	at org.springframework.boot.SpringApplication.run(SpringApplication.java:321) ~[spring-boot-4.1.1.jar:4.1.1]
	at org.springframework.boot.SpringApplication.run(SpringApplication.java:1365) ~[spring-boot-4.1.1.jar:4.1.1]
	at org.springframework.boot.SpringApplication.run(SpringApplication.java:1354) ~[spring-boot-4.1.1.jar:4.1.1]
	at com.civix.CivixApplication.main(CivixApplication.java:10) ~[classes/:na]
	at java.base/jdk.internal.reflect.DirectMethodHandleAccessor.invoke(DirectMethodHandleAccessor.java:103) ~[na:na]
	at java.base/java.lang.reflect.Method.invoke(Method.java:580) ~[na:na]
	at org.springframework.boot.devtools.restart.RestartLauncher.run(RestartLauncher.java:52) ~[spring-boot-devtools-4.1.1.jar:4.1.1]
Caused by: java.lang.IllegalStateException: Failed to introspect Class [com.civix.controladores.UsuarioControlador] from ClassLoader [org.springframework.boot.devtools.restart.classloader.RestartClassLoader@45d14ea]
	at org.springframework.util.ReflectionUtils.getDeclaredFields(ReflectionUtils.java:756) ~[spring-core-7.0.9.jar:7.0.9]
	at org.springframework.util.ReflectionUtils.doWithLocalFields(ReflectionUtils.java:689) ~[spring-core-7.0.9.jar:7.0.9]
	at org.springframework.orm.jpa.support.PersistenceAnnotationBeanPostProcessor.buildPersistenceMetadata(PersistenceAnnotationBeanPostProcessor.java:430) ~[spring-orm-7.0.9.jar:7.0.9]
	at org.springframework.orm.jpa.support.PersistenceAnnotationBeanPostProcessor.findPersistenceMetadata(PersistenceAnnotationBeanPostProcessor.java:411) ~[spring-orm-7.0.9.jar:7.0.9]
	at org.springframework.orm.jpa.support.PersistenceAnnotationBeanPostProcessor.findInjectionMetadata(PersistenceAnnotationBeanPostProcessor.java:370) ~[spring-orm-7.0.9.jar:7.0.9]
	at org.springframework.orm.jpa.support.PersistenceAnnotationBeanPostProcessor.postProcessMergedBeanDefinition(PersistenceAnnotationBeanPostProcessor.java:347) ~[spring-orm-7.0.9.jar:7.0.9]
	at org.springframework.beans.factory.support.AbstractAutowireCapableBeanFactory.applyMergedBeanDefinitionPostProcessors(AbstractAutowireCapableBeanFactory.java:1112) ~[spring-beans-7.0.9.jar:7.0.9]
	at org.springframework.beans.factory.support.AbstractAutowireCapableBeanFactory.doCreateBean(AbstractAutowireCapableBeanFactory.java:577) ~[spring-beans-7.0.9.jar:7.0.9]
	... 20 common frames omitted
Caused by: java.lang.NoClassDefFoundError: com/civix/servicios/UsuarioServicio
	at java.base/java.lang.Class.getDeclaredFields0(Native Method) ~[na:na]
	at java.base/java.lang.Class.privateGetDeclaredFields(Class.java:3475) ~[na:na]
	at java.base/java.lang.Class.getDeclaredFields(Class.java:2544) ~[na:na]
	at org.springframework.util.ReflectionUtils.getDeclaredFields(ReflectionUtils.java:751) ~[spring-core-7.0.9.jar:7.0.9]
	... 27 common frames omitted
Caused by: java.lang.ClassNotFoundException: com.civix.servicios.UsuarioServicio
	at java.base/jdk.internal.loader.BuiltinClassLoader.loadClass(BuiltinClassLoader.java:641) ~[na:na]
	at java.base/jdk.internal.loader.ClassLoaders$AppClassLoader.loadClass(ClassLoaders.java:188) ~[na:na]
	at java.base/java.lang.ClassLoader.loadClass(ClassLoader.java:526) ~[na:na]
	at java.base/java.lang.Class.forName0(Native Method) ~[na:na]
	at java.base/java.lang.Class.forName(Class.java:536) ~[na:na]
	at java.base/java.lang.Class.forName(Class.java:515) ~[na:na]
	at org.springframework.boot.devtools.restart.classloader.RestartClassLoader.loadClass(RestartClassLoader.java:123) ~[spring-boot-devtools-4.1.1.jar:4.1.1]
	at java.base/java.lang.ClassLoader.loadClass(ClassLoader.java:526) ~[na:na]
	... 31 common frames omitted

2026-09-14T17:46:14.297-05:00  INFO 181032 --- [civix] [restartedMain] com.civix.CivixApplication               : Starting CivixApplication using Java 21.0.12.1 with PID 181032 (C:\Users\gmari\civix\civix\civix\target\classes started by gmari in C:\Users\gmari\civix\civix\civix)
2026-09-14T17:46:14.297-05:00 DEBUG 181032 --- [civix] [restartedMain] com.civix.CivixApplication               : Running with Spring Boot v4.1.1, Spring v7.0.9
2026-09-14T17:46:14.297-05:00  INFO 181032 --- [civix] [restartedMain] com.civix.CivixApplication               : No active profile set, falling back to 1 default profile: "default"
2026-09-14T17:46:14.678-05:00  INFO 181032 --- [civix] [restartedMain] .s.d.r.c.RepositoryConfigurationDelegate : Bootstrapping Spring Data JPA repositories in DEFAULT mode.
2026-09-14T17:46:14.696-05:00  INFO 181032 --- [civix] [restartedMain] .s.d.r.c.RepositoryConfigurationDelegate : Finished Spring Data repository scanning in 18 ms. Found 6 JPA repository interfaces.
2026-09-14T17:46:14.817-05:00  INFO 181032 --- [civix] [restartedMain] o.s.boot.tomcat.TomcatWebServer          : Tomcat initialized with port 8080 (http)
2026-09-14T17:46:14.818-05:00  INFO 181032 --- [civix] [restartedMain] o.apache.catalina.core.StandardService   : Starting service [Tomcat]
2026-09-14T17:46:14.819-05:00  INFO 181032 --- [civix] [restartedMain] o.apache.catalina.core.StandardEngine    : Starting Servlet engine: [Apache Tomcat/11.0.24]
2026-09-14T17:46:14.864-05:00  INFO 181032 --- [civix] [restartedMain] b.w.c.s.WebApplicationContextInitializer : Root WebApplicationContext: initialization completed in 564 ms
2026-09-14T17:46:14.928-05:00  INFO 181032 --- [civix] [restartedMain] org.hibernate.orm.jpa                    : HHH008540: Processing PersistenceUnitInfo [name: default]
2026-09-14T17:46:14.984-05:00  INFO 181032 --- [civix] [restartedMain] o.s.o.j.p.SpringPersistenceUnitInfo      : No LoadTimeWeaver setup: ignoring JPA class transformer
2026-09-14T17:46:14.987-05:00  INFO 181032 --- [civix] [restartedMain] com.zaxxer.hikari.HikariDataSource       : HikariPool-9 - Starting...
2026-09-14T17:46:15.078-05:00  INFO 181032 --- [civix] [restartedMain] com.zaxxer.hikari.pool.HikariPool        : HikariPool-9 - Added connection org.postgresql.jdbc.PgConnection@1fff7709
2026-09-14T17:46:15.079-05:00  INFO 181032 --- [civix] [restartedMain] com.zaxxer.hikari.HikariDataSource       : HikariPool-9 - Start completed.
2026-09-14T17:46:15.087-05:00  WARN 181032 --- [civix] [restartedMain] org.hibernate.orm.deprecation            : HHH90000025: PostgreSQLDialect does not need to be specified explicitly using 'hibernate.dialect' (remove the property setting and it will be selected by default)
2026-09-14T17:46:15.098-05:00  INFO 181032 --- [civix] [restartedMain] org.hibernate.orm.connections.pooling    : HHH10001005: Database info:
	Database JDBC URL [jdbc:postgresql://localhost:5432/db_civix]
	Database driver: PostgreSQL JDBC Driver
	Database dialect: PostgreSQLDialect
	Database version: 18.6
	Default catalog/schema: db_civix/public
	Autocommit mode: undefined/unknown
	Isolation level: READ_COMMITTED [default READ_COMMITTED]
	JDBC fetch size: none
	Pool: DataSourceConnectionProvider
	Minimum pool size: undefined/unknown
	Maximum pool size: undefined/unknown
2026-09-14T17:46:15.391-05:00  INFO 181032 --- [civix] [restartedMain] org.hibernate.orm.core                   : HHH000489: No JTA platform available (set 'hibernate.transaction.jta.platform' to enable JTA platform integration)
2026-09-14T17:46:15.472-05:00  INFO 181032 --- [civix] [restartedMain] j.LocalContainerEntityManagerFactoryBean : Initialized JPA EntityManagerFactory for persistence unit 'default'
2026-09-14T17:46:15.660-05:00  WARN 181032 --- [civix] [restartedMain] ConfigServletWebServerApplicationContext : Exception encountered during context initialization - cancelling refresh attempt: org.springframework.beans.factory.BeanCreationException: Error creating bean with name 'usuarioControlador' defined in file [C:\Users\gmari\civix\civix\civix\target\classes\com\civix\controladores\UsuarioControlador.class]: Post-processing of merged bean definition failed
2026-09-14T17:46:15.660-05:00  INFO 181032 --- [civix] [restartedMain] j.LocalContainerEntityManagerFactoryBean : Closing JPA EntityManagerFactory for persistence unit 'default'
2026-09-14T17:46:15.662-05:00  INFO 181032 --- [civix] [restartedMain] com.zaxxer.hikari.HikariDataSource       : HikariPool-9 - Shutdown initiated...
2026-09-14T17:46:15.745-05:00  INFO 181032 --- [civix] [restartedMain] com.zaxxer.hikari.HikariDataSource       : HikariPool-9 - Shutdown completed.
2026-09-14T17:46:15.746-05:00  INFO 181032 --- [civix] [restartedMain] o.apache.catalina.core.StandardService   : Stopping service [Tomcat]
2026-09-14T17:46:15.757-05:00  INFO 181032 --- [civix] [restartedMain] .s.b.a.l.ConditionEvaluationReportLogger : 

Error starting ApplicationContext. To display the condition evaluation report re-run your application with 'debug' enabled.
2026-09-14T17:46:15.761-05:00 ERROR 181032 --- [civix] [restartedMain] o.s.boot.SpringApplication               : Application run failed

org.springframework.beans.factory.BeanCreationException: Error creating bean with name 'usuarioControlador' defined in file [C:\Users\gmari\civix\civix\civix\target\classes\com\civix\controladores\UsuarioControlador.class]: Post-processing of merged bean definition failed
	at org.springframework.beans.factory.support.AbstractAutowireCapableBeanFactory.doCreateBean(AbstractAutowireCapableBeanFactory.java:580) ~[spring-beans-7.0.9.jar:7.0.9]
	at org.springframework.beans.factory.support.AbstractAutowireCapableBeanFactory.createBean(AbstractAutowireCapableBeanFactory.java:525) ~[spring-beans-7.0.9.jar:7.0.9]
	at org.springframework.beans.factory.support.AbstractBeanFactory.lambda$doGetBean$0(AbstractBeanFactory.java:333) ~[spring-beans-7.0.9.jar:7.0.9]
	at org.springframework.beans.factory.support.DefaultSingletonBeanRegistry.getSingleton(DefaultSingletonBeanRegistry.java:371) ~[spring-beans-7.0.9.jar:7.0.9]
	at org.springframework.beans.factory.support.AbstractBeanFactory.doGetBean(AbstractBeanFactory.java:331) ~[spring-beans-7.0.9.jar:7.0.9]
	at org.springframework.beans.factory.support.AbstractBeanFactory.getBean(AbstractBeanFactory.java:196) ~[spring-beans-7.0.9.jar:7.0.9]
	at org.springframework.beans.factory.support.DefaultListableBeanFactory.instantiateSingleton(DefaultListableBeanFactory.java:1225) ~[spring-beans-7.0.9.jar:7.0.9]
	at org.springframework.beans.factory.support.DefaultListableBeanFactory.preInstantiateSingleton(DefaultListableBeanFactory.java:1191) ~[spring-beans-7.0.9.jar:7.0.9]
	at org.springframework.beans.factory.support.DefaultListableBeanFactory.preInstantiateSingletons(DefaultListableBeanFactory.java:1121) ~[spring-beans-7.0.9.jar:7.0.9]
	at org.springframework.context.support.AbstractApplicationContext.finishBeanFactoryInitialization(AbstractApplicationContext.java:994) ~[spring-context-7.0.9.jar:7.0.9]
	at org.springframework.context.support.AbstractApplicationContext.refresh(AbstractApplicationContext.java:621) ~[spring-context-7.0.9.jar:7.0.9]
	at org.springframework.boot.web.server.servlet.context.ServletWebServerApplicationContext.refresh(ServletWebServerApplicationContext.java:143) ~[spring-boot-web-server-4.1.1.jar:4.1.1]
	at org.springframework.boot.SpringApplication.refresh(SpringApplication.java:756) ~[spring-boot-4.1.1.jar:4.1.1]
	at org.springframework.boot.SpringApplication.refreshContext(SpringApplication.java:445) ~[spring-boot-4.1.1.jar:4.1.1]
	at org.springframework.boot.SpringApplication.run(SpringApplication.java:321) ~[spring-boot-4.1.1.jar:4.1.1]
	at org.springframework.boot.SpringApplication.run(SpringApplication.java:1365) ~[spring-boot-4.1.1.jar:4.1.1]
	at org.springframework.boot.SpringApplication.run(SpringApplication.java:1354) ~[spring-boot-4.1.1.jar:4.1.1]
	at com.civix.CivixApplication.main(CivixApplication.java:10) ~[classes/:na]
	at java.base/jdk.internal.reflect.DirectMethodHandleAccessor.invoke(DirectMethodHandleAccessor.java:103) ~[na:na]
	at java.base/java.lang.reflect.Method.invoke(Method.java:580) ~[na:na]
	at org.springframework.boot.devtools.restart.RestartLauncher.run(RestartLauncher.java:52) ~[spring-boot-devtools-4.1.1.jar:4.1.1]
Caused by: java.lang.IllegalStateException: Failed to introspect Class [com.civix.controladores.UsuarioControlador] from ClassLoader [org.springframework.boot.devtools.restart.classloader.RestartClassLoader@25f3f2de]
	at org.springframework.util.ReflectionUtils.getDeclaredFields(ReflectionUtils.java:756) ~[spring-core-7.0.9.jar:7.0.9]
	at org.springframework.util.ReflectionUtils.doWithLocalFields(ReflectionUtils.java:689) ~[spring-core-7.0.9.jar:7.0.9]
	at org.springframework.orm.jpa.support.PersistenceAnnotationBeanPostProcessor.buildPersistenceMetadata(PersistenceAnnotationBeanPostProcessor.java:430) ~[spring-orm-7.0.9.jar:7.0.9]
	at org.springframework.orm.jpa.support.PersistenceAnnotationBeanPostProcessor.findPersistenceMetadata(PersistenceAnnotationBeanPostProcessor.java:411) ~[spring-orm-7.0.9.jar:7.0.9]
	at org.springframework.orm.jpa.support.PersistenceAnnotationBeanPostProcessor.findInjectionMetadata(PersistenceAnnotationBeanPostProcessor.java:370) ~[spring-orm-7.0.9.jar:7.0.9]
	at org.springframework.orm.jpa.support.PersistenceAnnotationBeanPostProcessor.postProcessMergedBeanDefinition(PersistenceAnnotationBeanPostProcessor.java:347) ~[spring-orm-7.0.9.jar:7.0.9]
	at org.springframework.beans.factory.support.AbstractAutowireCapableBeanFactory.applyMergedBeanDefinitionPostProcessors(AbstractAutowireCapableBeanFactory.java:1112) ~[spring-beans-7.0.9.jar:7.0.9]
	at org.springframework.beans.factory.support.AbstractAutowireCapableBeanFactory.doCreateBean(AbstractAutowireCapableBeanFactory.java:577) ~[spring-beans-7.0.9.jar:7.0.9]
	... 20 common frames omitted
Caused by: java.lang.NoClassDefFoundError: com/civix/servicios/UsuarioServicio
	at java.base/java.lang.Class.getDeclaredFields0(Native Method) ~[na:na]
	at java.base/java.lang.Class.privateGetDeclaredFields(Class.java:3475) ~[na:na]
	at java.base/java.lang.Class.getDeclaredFields(Class.java:2544) ~[na:na]
	at org.springframework.util.ReflectionUtils.getDeclaredFields(ReflectionUtils.java:751) ~[spring-core-7.0.9.jar:7.0.9]
	... 27 common frames omitted
Caused by: java.lang.ClassNotFoundException: com.civix.servicios.UsuarioServicio
	at java.base/jdk.internal.loader.BuiltinClassLoader.loadClass(BuiltinClassLoader.java:641) ~[na:na]
	at java.base/jdk.internal.loader.ClassLoaders$AppClassLoader.loadClass(ClassLoaders.java:188) ~[na:na]
	at java.base/java.lang.ClassLoader.loadClass(ClassLoader.java:526) ~[na:na]
	at java.base/java.lang.Class.forName0(Native Method) ~[na:na]
	at java.base/java.lang.Class.forName(Class.java:536) ~[na:na]
	at java.base/java.lang.Class.forName(Class.java:515) ~[na:na]
	at org.springframework.boot.devtools.restart.classloader.RestartClassLoader.loadClass(RestartClassLoader.java:123) ~[spring-boot-devtools-4.1.1.jar:4.1.1]
	at java.base/java.lang.ClassLoader.loadClass(ClassLoader.java:526) ~[na:na]
	... 31 common frames omitted

2026-09-14T17:51:58.757-05:00  INFO 181032 --- [civix] [restartedMain] com.civix.CivixApplication               : Starting CivixApplication using Java 21.0.12.1 with PID 181032 (C:\Users\gmari\civix\civix\civix\target\classes started by gmari in C:\Users\gmari\civix\civix\civix)
2026-09-14T17:51:58.757-05:00 DEBUG 181032 --- [civix] [restartedMain] com.civix.CivixApplication               : Running with Spring Boot v4.1.1, Spring v7.0.9
2026-09-14T17:51:58.757-05:00  INFO 181032 --- [civix] [restartedMain] com.civix.CivixApplication               : No active profile set, falling back to 1 default profile: "default"
2026-09-14T17:51:59.137-05:00  INFO 181032 --- [civix] [restartedMain] .s.d.r.c.RepositoryConfigurationDelegate : Bootstrapping Spring Data JPA repositories in DEFAULT mode.
2026-09-14T17:51:59.163-05:00  INFO 181032 --- [civix] [restartedMain] .s.d.r.c.RepositoryConfigurationDelegate : Finished Spring Data repository scanning in 24 ms. Found 6 JPA repository interfaces.
2026-09-14T17:51:59.312-05:00  INFO 181032 --- [civix] [restartedMain] o.s.boot.tomcat.TomcatWebServer          : Tomcat initialized with port 8080 (http)
2026-09-14T17:51:59.313-05:00  INFO 181032 --- [civix] [restartedMain] o.apache.catalina.core.StandardService   : Starting service [Tomcat]
2026-09-14T17:51:59.314-05:00  INFO 181032 --- [civix] [restartedMain] o.apache.catalina.core.StandardEngine    : Starting Servlet engine: [Apache Tomcat/11.0.24]
2026-09-14T17:51:59.363-05:00  INFO 181032 --- [civix] [restartedMain] b.w.c.s.WebApplicationContextInitializer : Root WebApplicationContext: initialization completed in 603 ms
2026-09-14T17:51:59.431-05:00  INFO 181032 --- [civix] [restartedMain] org.hibernate.orm.jpa                    : HHH008540: Processing PersistenceUnitInfo [name: default]
2026-09-14T17:51:59.485-05:00  INFO 181032 --- [civix] [restartedMain] o.s.o.j.p.SpringPersistenceUnitInfo      : No LoadTimeWeaver setup: ignoring JPA class transformer
2026-09-14T17:51:59.487-05:00  INFO 181032 --- [civix] [restartedMain] com.zaxxer.hikari.HikariDataSource       : HikariPool-10 - Starting...
2026-09-14T17:51:59.604-05:00  INFO 181032 --- [civix] [restartedMain] com.zaxxer.hikari.pool.HikariPool        : HikariPool-10 - Added connection org.postgresql.jdbc.PgConnection@518ba610
2026-09-14T17:51:59.604-05:00  INFO 181032 --- [civix] [restartedMain] com.zaxxer.hikari.HikariDataSource       : HikariPool-10 - Start completed.
2026-09-14T17:51:59.617-05:00  WARN 181032 --- [civix] [restartedMain] org.hibernate.orm.deprecation            : HHH90000025: PostgreSQLDialect does not need to be specified explicitly using 'hibernate.dialect' (remove the property setting and it will be selected by default)
2026-09-14T17:51:59.630-05:00  INFO 181032 --- [civix] [restartedMain] org.hibernate.orm.connections.pooling    : HHH10001005: Database info:
	Database JDBC URL [jdbc:postgresql://localhost:5432/db_civix]
	Database driver: PostgreSQL JDBC Driver
	Database dialect: PostgreSQLDialect
	Database version: 18.6
	Default catalog/schema: db_civix/public
	Autocommit mode: undefined/unknown
	Isolation level: READ_COMMITTED [default READ_COMMITTED]
	JDBC fetch size: none
	Pool: DataSourceConnectionProvider
	Minimum pool size: undefined/unknown
	Maximum pool size: undefined/unknown
2026-09-14T17:51:59.823-05:00  INFO 181032 --- [civix] [restartedMain] org.hibernate.orm.core                   : HHH000489: No JTA platform available (set 'hibernate.transaction.jta.platform' to enable JTA platform integration)
2026-09-14T17:51:59.921-05:00  INFO 181032 --- [civix] [restartedMain] j.LocalContainerEntityManagerFactoryBean : Initialized JPA EntityManagerFactory for persistence unit 'default'
2026-09-14T17:51:59.942-05:00  WARN 181032 --- [civix] [restartedMain] ConfigServletWebServerApplicationContext : Exception encountered during context initialization - cancelling refresh attempt: org.springframework.beans.factory.BeanCreationException: Error creating bean with name 'calificacionControlador' defined in file [C:\Users\gmari\civix\civix\civix\target\classes\com\civix\controladores\CalificacionControlador.class]: Post-processing of merged bean definition failed
2026-09-14T17:51:59.942-05:00  INFO 181032 --- [civix] [restartedMain] j.LocalContainerEntityManagerFactoryBean : Closing JPA EntityManagerFactory for persistence unit 'default'
2026-09-14T17:51:59.943-05:00  INFO 181032 --- [civix] [restartedMain] com.zaxxer.hikari.HikariDataSource       : HikariPool-10 - Shutdown initiated...
2026-09-14T17:51:59.972-05:00  INFO 181032 --- [civix] [restartedMain] com.zaxxer.hikari.HikariDataSource       : HikariPool-10 - Shutdown completed.
2026-09-14T17:51:59.973-05:00  INFO 181032 --- [civix] [restartedMain] o.apache.catalina.core.StandardService   : Stopping service [Tomcat]
2026-09-14T17:51:59.978-05:00  INFO 181032 --- [civix] [restartedMain] .s.b.a.l.ConditionEvaluationReportLogger : 

Error starting ApplicationContext. To display the condition evaluation report re-run your application with 'debug' enabled.
2026-09-14T17:51:59.982-05:00 ERROR 181032 --- [civix] [restartedMain] o.s.boot.SpringApplication               : Application run failed

org.springframework.beans.factory.BeanCreationException: Error creating bean with name 'calificacionControlador' defined in file [C:\Users\gmari\civix\civix\civix\target\classes\com\civix\controladores\CalificacionControlador.class]: Post-processing of merged bean definition failed
	at org.springframework.beans.factory.support.AbstractAutowireCapableBeanFactory.doCreateBean(AbstractAutowireCapableBeanFactory.java:580) ~[spring-beans-7.0.9.jar:7.0.9]
	at org.springframework.beans.factory.support.AbstractAutowireCapableBeanFactory.createBean(AbstractAutowireCapableBeanFactory.java:525) ~[spring-beans-7.0.9.jar:7.0.9]
	at org.springframework.beans.factory.support.AbstractBeanFactory.lambda$doGetBean$0(AbstractBeanFactory.java:333) ~[spring-beans-7.0.9.jar:7.0.9]
	at org.springframework.beans.factory.support.DefaultSingletonBeanRegistry.getSingleton(DefaultSingletonBeanRegistry.java:371) ~[spring-beans-7.0.9.jar:7.0.9]
	at org.springframework.beans.factory.support.AbstractBeanFactory.doGetBean(AbstractBeanFactory.java:331) ~[spring-beans-7.0.9.jar:7.0.9]
	at org.springframework.beans.factory.support.AbstractBeanFactory.getBean(AbstractBeanFactory.java:196) ~[spring-beans-7.0.9.jar:7.0.9]
	at org.springframework.beans.factory.support.DefaultListableBeanFactory.instantiateSingleton(DefaultListableBeanFactory.java:1225) ~[spring-beans-7.0.9.jar:7.0.9]
	at org.springframework.beans.factory.support.DefaultListableBeanFactory.preInstantiateSingleton(DefaultListableBeanFactory.java:1191) ~[spring-beans-7.0.9.jar:7.0.9]
	at org.springframework.beans.factory.support.DefaultListableBeanFactory.preInstantiateSingletons(DefaultListableBeanFactory.java:1121) ~[spring-beans-7.0.9.jar:7.0.9]
	at org.springframework.context.support.AbstractApplicationContext.finishBeanFactoryInitialization(AbstractApplicationContext.java:994) ~[spring-context-7.0.9.jar:7.0.9]
	at org.springframework.context.support.AbstractApplicationContext.refresh(AbstractApplicationContext.java:621) ~[spring-context-7.0.9.jar:7.0.9]
	at org.springframework.boot.web.server.servlet.context.ServletWebServerApplicationContext.refresh(ServletWebServerApplicationContext.java:143) ~[spring-boot-web-server-4.1.1.jar:4.1.1]
	at org.springframework.boot.SpringApplication.refresh(SpringApplication.java:756) ~[spring-boot-4.1.1.jar:4.1.1]
	at org.springframework.boot.SpringApplication.refreshContext(SpringApplication.java:445) ~[spring-boot-4.1.1.jar:4.1.1]
	at org.springframework.boot.SpringApplication.run(SpringApplication.java:321) ~[spring-boot-4.1.1.jar:4.1.1]
	at org.springframework.boot.SpringApplication.run(SpringApplication.java:1365) ~[spring-boot-4.1.1.jar:4.1.1]
	at org.springframework.boot.SpringApplication.run(SpringApplication.java:1354) ~[spring-boot-4.1.1.jar:4.1.1]
	at com.civix.CivixApplication.main(CivixApplication.java:10) ~[classes/:na]
	at java.base/jdk.internal.reflect.DirectMethodHandleAccessor.invoke(DirectMethodHandleAccessor.java:103) ~[na:na]
	at java.base/java.lang.reflect.Method.invoke(Method.java:580) ~[na:na]
	at org.springframework.boot.devtools.restart.RestartLauncher.run(RestartLauncher.java:52) ~[spring-boot-devtools-4.1.1.jar:4.1.1]
Caused by: java.lang.IllegalStateException: Failed to introspect Class [com.civix.controladores.CalificacionControlador] from ClassLoader [org.springframework.boot.devtools.restart.classloader.RestartClassLoader@14cf79c3]
	at org.springframework.util.ReflectionUtils.getDeclaredFields(ReflectionUtils.java:756) ~[spring-core-7.0.9.jar:7.0.9]
	at org.springframework.util.ReflectionUtils.doWithLocalFields(ReflectionUtils.java:689) ~[spring-core-7.0.9.jar:7.0.9]
	at org.springframework.orm.jpa.support.PersistenceAnnotationBeanPostProcessor.buildPersistenceMetadata(PersistenceAnnotationBeanPostProcessor.java:430) ~[spring-orm-7.0.9.jar:7.0.9]
	at org.springframework.orm.jpa.support.PersistenceAnnotationBeanPostProcessor.findPersistenceMetadata(PersistenceAnnotationBeanPostProcessor.java:411) ~[spring-orm-7.0.9.jar:7.0.9]
	at org.springframework.orm.jpa.support.PersistenceAnnotationBeanPostProcessor.findInjectionMetadata(PersistenceAnnotationBeanPostProcessor.java:370) ~[spring-orm-7.0.9.jar:7.0.9]
	at org.springframework.orm.jpa.support.PersistenceAnnotationBeanPostProcessor.postProcessMergedBeanDefinition(PersistenceAnnotationBeanPostProcessor.java:347) ~[spring-orm-7.0.9.jar:7.0.9]
	at org.springframework.beans.factory.support.AbstractAutowireCapableBeanFactory.applyMergedBeanDefinitionPostProcessors(AbstractAutowireCapableBeanFactory.java:1112) ~[spring-beans-7.0.9.jar:7.0.9]
	at org.springframework.beans.factory.support.AbstractAutowireCapableBeanFactory.doCreateBean(AbstractAutowireCapableBeanFactory.java:577) ~[spring-beans-7.0.9.jar:7.0.9]
	... 20 common frames omitted
Caused by: java.lang.NoClassDefFoundError: com/civix/servicios/CalificacionServicio
	at java.base/java.lang.Class.getDeclaredFields0(Native Method) ~[na:na]
	at java.base/java.lang.Class.privateGetDeclaredFields(Class.java:3475) ~[na:na]
	at java.base/java.lang.Class.getDeclaredFields(Class.java:2544) ~[na:na]
	at org.springframework.util.ReflectionUtils.getDeclaredFields(ReflectionUtils.java:751) ~[spring-core-7.0.9.jar:7.0.9]
	... 27 common frames omitted
Caused by: java.lang.ClassNotFoundException: com.civix.servicios.CalificacionServicio
	at java.base/jdk.internal.loader.BuiltinClassLoader.loadClass(BuiltinClassLoader.java:641) ~[na:na]
	at java.base/jdk.internal.loader.ClassLoaders$AppClassLoader.loadClass(ClassLoaders.java:188) ~[na:na]
	at java.base/java.lang.ClassLoader.loadClass(ClassLoader.java:526) ~[na:na]
	at java.base/java.lang.Class.forName0(Native Method) ~[na:na]
	at java.base/java.lang.Class.forName(Class.java:536) ~[na:na]
	at java.base/java.lang.Class.forName(Class.java:515) ~[na:na]
	at org.springframework.boot.devtools.restart.classloader.RestartClassLoader.loadClass(RestartClassLoader.java:123) ~[spring-boot-devtools-4.1.1.jar:4.1.1]
	at java.base/java.lang.ClassLoader.loadClass(ClassLoader.java:526) ~[na:na]
	... 31 common frames omitted

2026-09-14T18:08:11.381-05:00  INFO 196972 --- [civix] [restartedMain] com.civix.CivixApplication               : Starting CivixApplication using Java 21.0.12.1 with PID 196972 (C:\Users\gmari\civix\civix\civix\target\classes started by gmari in C:\Users\gmari\civix\civix\civix)
2026-09-14T18:08:11.385-05:00 DEBUG 196972 --- [civix] [restartedMain] com.civix.CivixApplication               : Running with Spring Boot v4.1.1, Spring v7.0.9
2026-09-14T18:08:11.386-05:00  INFO 196972 --- [civix] [restartedMain] com.civix.CivixApplication               : No active profile set, falling back to 1 default profile: "default"
2026-09-14T18:08:11.444-05:00  INFO 196972 --- [civix] [restartedMain] .e.DevToolsPropertyDefaultsPostProcessor : Devtools property defaults active! Set 'spring.devtools.add-properties' to 'false' to disable
2026-09-14T18:08:11.445-05:00  INFO 196972 --- [civix] [restartedMain] .e.DevToolsPropertyDefaultsPostProcessor : For additional web related logging consider setting the 'logging.level.web' property to 'DEBUG'
2026-09-14T18:08:12.348-05:00  INFO 196972 --- [civix] [restartedMain] .s.d.r.c.RepositoryConfigurationDelegate : Bootstrapping Spring Data JPA repositories in DEFAULT mode.
2026-09-14T18:08:12.418-05:00  INFO 196972 --- [civix] [restartedMain] .s.d.r.c.RepositoryConfigurationDelegate : Finished Spring Data repository scanning in 60 ms. Found 7 JPA repository interfaces.
2026-09-14T18:08:12.957-05:00  INFO 196972 --- [civix] [restartedMain] o.s.boot.tomcat.TomcatWebServer          : Tomcat initialized with port 8080 (http)
2026-09-14T18:08:12.973-05:00  INFO 196972 --- [civix] [restartedMain] o.apache.catalina.core.StandardService   : Starting service [Tomcat]
2026-09-14T18:08:12.974-05:00  INFO 196972 --- [civix] [restartedMain] o.apache.catalina.core.StandardEngine    : Starting Servlet engine: [Apache Tomcat/11.0.24]
2026-09-14T18:08:13.032-05:00  INFO 196972 --- [civix] [restartedMain] b.w.c.s.WebApplicationContextInitializer : Root WebApplicationContext: initialization completed in 1587 ms
2026-09-14T18:08:13.224-05:00  INFO 196972 --- [civix] [restartedMain] org.hibernate.orm.jpa                    : HHH008540: Processing PersistenceUnitInfo [name: default]
2026-09-14T18:08:13.301-05:00  INFO 196972 --- [civix] [restartedMain] org.hibernate.orm.core                   : HHH000001: Hibernate ORM core version 7.4.5.Final
2026-09-14T18:08:13.844-05:00  INFO 196972 --- [civix] [restartedMain] o.s.o.j.p.SpringPersistenceUnitInfo      : No LoadTimeWeaver setup: ignoring JPA class transformer
2026-09-14T18:08:13.890-05:00  INFO 196972 --- [civix] [restartedMain] com.zaxxer.hikari.HikariDataSource       : HikariPool-1 - Starting...
2026-09-14T18:08:14.078-05:00  INFO 196972 --- [civix] [restartedMain] com.zaxxer.hikari.pool.HikariPool        : HikariPool-1 - Added connection org.postgresql.jdbc.PgConnection@e65b485
2026-09-14T18:08:14.080-05:00  INFO 196972 --- [civix] [restartedMain] com.zaxxer.hikari.HikariDataSource       : HikariPool-1 - Start completed.
2026-09-14T18:08:14.121-05:00  WARN 196972 --- [civix] [restartedMain] org.hibernate.orm.deprecation            : HHH90000025: PostgreSQLDialect does not need to be specified explicitly using 'hibernate.dialect' (remove the property setting and it will be selected by default)
2026-09-14T18:08:14.146-05:00  INFO 196972 --- [civix] [restartedMain] org.hibernate.orm.connections.pooling    : HHH10001005: Database info:
	Database JDBC URL [jdbc:postgresql://localhost:5432/db_civix]
	Database driver: PostgreSQL JDBC Driver
	Database dialect: PostgreSQLDialect
	Database version: 18.6
	Default catalog/schema: db_civix/public
	Autocommit mode: undefined/unknown
	Isolation level: READ_COMMITTED [default READ_COMMITTED]
	JDBC fetch size: none
	Pool: DataSourceConnectionProvider
	Minimum pool size: undefined/unknown
	Maximum pool size: undefined/unknown
2026-09-14T18:08:15.438-05:00  INFO 196972 --- [civix] [restartedMain] org.hibernate.orm.core                   : HHH000489: No JTA platform available (set 'hibernate.transaction.jta.platform' to enable JTA platform integration)
2026-09-14T18:08:15.547-05:00  INFO 196972 --- [civix] [restartedMain] j.LocalContainerEntityManagerFactoryBean : Initialized JPA EntityManagerFactory for persistence unit 'default'
2026-09-14T18:08:15.622-05:00  INFO 196972 --- [civix] [restartedMain] o.s.d.j.r.query.QueryEnhancerFactories   : Hibernate is in classpath; If applicable, HQL parser will be used.
2026-09-14T18:08:16.103-05:00  WARN 196972 --- [civix] [restartedMain] JpaBaseConfiguration$JpaWebConfiguration : spring.jpa.open-in-view is enabled by default. Therefore, database queries may be performed during view rendering. Explicitly configure spring.jpa.open-in-view to disable this warning
2026-09-14T18:08:16.604-05:00  INFO 196972 --- [civix] [restartedMain] o.s.boot.tomcat.TomcatWebServer          : Tomcat started on port 8080 (http) with context path '/'
2026-09-14T18:08:16.611-05:00  INFO 196972 --- [civix] [restartedMain] com.civix.CivixApplication               : Started CivixApplication in 5.876 seconds (process running for 6.816)
2026-09-14T18:08:16.614-05:00  WARN 196972 --- [civix] [restartedMain] o.s.core.events.SpringDocAppInitializer  : SpringDoc /v3/api-docs endpoint is enabled by default. To disable it in production, set the property 'springdoc.api-docs.enabled=false'
2026-09-14T18:08:16.615-05:00  WARN 196972 --- [civix] [restartedMain] o.s.core.events.SpringDocAppInitializer  : SpringDoc /swagger-ui.html endpoint is enabled by default. To disable it in production, set the property 'springdoc.swagger-ui.enabled=false'
2026-09-14T18:08:25.571-05:00  INFO 196972 --- [civix] [http-nio-8080-exec-1] o.a.c.c.C.[Tomcat].[localhost].[/]       : Initializing Spring DispatcherServlet 'dispatcherServlet'
2026-09-14T18:08:25.571-05:00  INFO 196972 --- [civix] [http-nio-8080-exec-1] o.s.web.servlet.DispatcherServlet        : Initializing Servlet 'dispatcherServlet'
2026-09-14T18:08:25.575-05:00  INFO 196972 --- [civix] [http-nio-8080-exec-1] o.s.web.servlet.DispatcherServlet        : Completed initialization in 3 ms
2026-09-14T18:08:26.567-05:00  INFO 196972 --- [civix] [http-nio-8080-exec-4] o.springdoc.api.AbstractOpenApiResource  : Init duration for springdoc-openapi is: 607 ms
2026-09-14T18:10:06.733-05:00  INFO 196972 --- [civix] [http-nio-8080-exec-8] com.civix.servicios.UsuarioServicio      : Insertando usuario: string
2026-09-14T18:13:50.835-05:00  INFO 196972 --- [civix] [SpringApplicationShutdownHook] o.s.boot.tomcat.GracefulShutdown         : Commencing graceful shutdown. Waiting for active requests to complete
2026-09-14T18:13:50.843-05:00  INFO 196972 --- [civix] [tomcat-shutdown] o.s.boot.tomcat.GracefulShutdown         : Graceful shutdown complete
2026-09-14T18:13:50.849-05:00  INFO 196972 --- [civix] [SpringApplicationShutdownHook] j.LocalContainerEntityManagerFactoryBean : Closing JPA EntityManagerFactory for persistence unit 'default'
2026-09-14T18:13:50.853-05:00  INFO 196972 --- [civix] [SpringApplicationShutdownHook] com.zaxxer.hikari.HikariDataSource       : HikariPool-1 - Shutdown initiated...
2026-09-14T18:13:50.856-05:00  INFO 196972 --- [civix] [SpringApplicationShutdownHook] com.zaxxer.hikari.HikariDataSource       : HikariPool-1 - Shutdown completed.
